Component: ARM Compiler 5.06 update 2 (build 183) Tool: armlink [4d35b7]

==============================================================================

Section Cross References

    main.o(i.TempHumi_State) refers to _printf_percent.o(.ARM.Collect$$_printf_percent$$00000000) for _printf_percent
    main.o(i.TempHumi_State) refers to _printf_d.o(.ARM.Collect$$_printf_percent$$00000009) for _printf_d
    main.o(i.TempHumi_State) refers to _printf_dec.o(.text) for _printf_int_dec
    main.o(i.TempHumi_State) refers to __2sprintf.o(.text) for __2sprintf
    main.o(i.TempHumi_State) refers to strlen.o(.text) for strlen
    main.o(i.TempHumi_State) refers to mqtt.o(i.MQTT_PublishQs0) for MQTT_PublishQs0
    main.o(i.TempHumi_State) refers to usart1.o(.data) for aaaa
    main.o(i.TempHumi_State) refers to main.o(.conststring) for .conststring
    main.o(i.main) refers to led.o(i.LED_Init) for LED_Init
    main.o(i.main) refers to delay.o(i.Delay_Init) for Delay_Init
    main.o(i.main) refers to usart1.o(i.Usart1_Init) for Usart1_Init
    main.o(i.main) refers to usart2.o(i.Usart2_Init) for Usart2_Init
    main.o(i.main) refers to timer4.o(i.TIM4_Init) for TIM4_Init
    main.o(i.main) refers to wifi.o(i.WiFi_ResetIO_Init) for WiFi_ResetIO_Init
    main.o(i.main) refers to mqtt.o(i.MQTT_Buff_Init) for MQTT_Buff_Init
    main.o(i.main) refers to usart1.o(i.u1_printf) for u1_printf
    main.o(i.main) refers to usart2.o(i.u2_TxData) for u2_TxData
    main.o(i.main) refers to timer3.o(i.TIM3_ENABLE_30S) for TIM3_ENABLE_30S
    main.o(i.main) refers to mqtt.o(i.MQTT_DealPushdata_Qs0) for MQTT_DealPushdata_Qs0
    main.o(i.main) refers to strstr.o(.text) for strstr
    main.o(i.main) refers to stm32f10x_gpio.o(i.GPIO_ResetBits) for GPIO_ResetBits
    main.o(i.main) refers to stm32f10x_gpio.o(i.GPIO_SetBits) for GPIO_SetBits
    main.o(i.main) refers to stm32f10x_tim.o(i.TIM_Cmd) for TIM_Cmd
    main.o(i.main) refers to rt_memclr.o(.text) for __aeabi_memclr
    main.o(i.main) refers to wifi.o(i.WiFi_Connect_IoTServer) for WiFi_Connect_IoTServer
    main.o(i.main) refers to mqtt.o(.data) for Connect_flag
    main.o(i.main) refers to usart2.o(.data) for Usart2_RxCounter
    main.o(i.main) refers to usart2.o(.bss) for Usart2_RxBuff
    delay.o(i.Delay_Init) refers to misc.o(i.SysTick_CLKSourceConfig) for SysTick_CLKSourceConfig
    usart1.o(i.USART1_IRQHandler) refers to stm32f10x_usart.o(i.USART_GetITStatus) for USART_GetITStatus
    usart1.o(i.USART1_IRQHandler) refers to stm32f10x_gpio.o(i.GPIO_ResetBits) for GPIO_ResetBits
    usart1.o(i.USART1_IRQHandler) refers to delay.o(i.Delay_Ms) for Delay_Ms
    usart1.o(i.USART1_IRQHandler) refers to stm32f10x_gpio.o(i.GPIO_SetBits) for GPIO_SetBits
    usart1.o(i.USART1_IRQHandler) refers to usart1.o(.data) for u
    usart1.o(i.USART1_IRQHandler) refers to usart1.o(.bss) for USART_RX_BUF
    usart1.o(i.Usart1_Init) refers to misc.o(i.NVIC_PriorityGroupConfig) for NVIC_PriorityGroupConfig
    usart1.o(i.Usart1_Init) refers to stm32f10x_rcc.o(i.RCC_APB2PeriphClockCmd) for RCC_APB2PeriphClockCmd
    usart1.o(i.Usart1_Init) refers to stm32f10x_gpio.o(i.GPIO_Init) for GPIO_Init
    usart1.o(i.Usart1_Init) refers to stm32f10x_usart.o(i.USART_Init) for USART_Init
    usart1.o(i.Usart1_Init) refers to stm32f10x_usart.o(i.USART_ClearFlag) for USART_ClearFlag
    usart1.o(i.Usart1_Init) refers to stm32f10x_usart.o(i.USART_ITConfig) for USART_ITConfig
    usart1.o(i.Usart1_Init) refers to misc.o(i.NVIC_Init) for NVIC_Init
    usart1.o(i.Usart1_Init) refers to stm32f10x_usart.o(i.USART_Cmd) for USART_Cmd
    usart1.o(i.u1_printf) refers to c89vsprintf.o(.text) for __c89vsprintf
    usart1.o(i.u1_printf) refers to strlen.o(.text) for strlen
    usart1.o(i.u1_printf) refers to usart1.o(.bss) for Usart1_TxBuff
    timer4.o(i.TIM4_Init) refers to misc.o(i.NVIC_PriorityGroupConfig) for NVIC_PriorityGroupConfig
    timer4.o(i.TIM4_Init) refers to stm32f10x_rcc.o(i.RCC_APB1PeriphClockCmd) for RCC_APB1PeriphClockCmd
    timer4.o(i.TIM4_Init) refers to stm32f10x_tim.o(i.TIM_TimeBaseInit) for TIM_TimeBaseInit
    timer4.o(i.TIM4_Init) refers to stm32f10x_tim.o(i.TIM_ClearITPendingBit) for TIM_ClearITPendingBit
    timer4.o(i.TIM4_Init) refers to stm32f10x_tim.o(i.TIM_ITConfig) for TIM_ITConfig
    timer4.o(i.TIM4_Init) refers to stm32f10x_tim.o(i.TIM_Cmd) for TIM_Cmd
    timer4.o(i.TIM4_Init) refers to misc.o(i.NVIC_Init) for NVIC_Init
    usart2.o(i.Usart2_Init) refers to misc.o(i.NVIC_PriorityGroupConfig) for NVIC_PriorityGroupConfig
    usart2.o(i.Usart2_Init) refers to stm32f10x_rcc.o(i.RCC_APB1PeriphClockCmd) for RCC_APB1PeriphClockCmd
    usart2.o(i.Usart2_Init) refers to stm32f10x_rcc.o(i.RCC_APB2PeriphClockCmd) for RCC_APB2PeriphClockCmd
    usart2.o(i.Usart2_Init) refers to stm32f10x_usart.o(i.USART_DeInit) for USART_DeInit
    usart2.o(i.Usart2_Init) refers to stm32f10x_gpio.o(i.GPIO_Init) for GPIO_Init
    usart2.o(i.Usart2_Init) refers to stm32f10x_usart.o(i.USART_Init) for USART_Init
[...]
    ..\HARDWARE\scr\dht11.c                  0x00000000   Number         0  dht11.o ABSOLUTE
    ..\HARDWARE\scr\ds18b20.c                0x00000000   Number         0  ds18b20.o ABSOLUTE
    ..\HARDWARE\scr\iic.c                    0x00000000   Number         0  iic.o ABSOLUTE
    ..\HARDWARE\scr\key.c                    0x00000000   Number         0  key.o ABSOLUTE
    ..\HARDWARE\scr\led.c                    0x00000000   Number         0  led.o ABSOLUTE
    ..\HARDWARE\scr\mqtt.c                   0x00000000   Number         0  mqtt.o ABSOLUTE
    ..\HARDWARE\scr\stm32f10x_it.c           0x00000000   Number         0  stm32f10x_it.o ABSOLUTE
    ..\HARDWARE\scr\timer1.c                 0x00000000   Number         0  timer1.o ABSOLUTE
    ..\HARDWARE\scr\timer2.c                 0x00000000   Number         0  timer2.o ABSOLUTE
    ..\HARDWARE\scr\timer3.c                 0x00000000   Number         0  timer3.o ABSOLUTE
    ..\HARDWARE\scr\timer4.c                 0x00000000   Number         0  timer4.o ABSOLUTE
    ..\HARDWARE\scr\usart1.c                 0x00000000   Number         0  usart1.o ABSOLUTE
    ..\HARDWARE\scr\usart2.c                 0x00000000   Number         0  usart2.o ABSOLUTE
    ..\HARDWARE\scr\wifi.c                   0x00000000   Number         0  wifi.o ABSOLUTE
    ..\HMAC\scr\utils_hmac.c                 0x00000000   Number         0  utils_hmac.o ABSOLUTE
    ..\HMAC\scr\utils_md5.c                  0x00000000   Number         0  utils_md5.o ABSOLUTE
    ..\HMAC\scr\utils_sha1.c                 0x00000000   Number         0  utils_sha1.o ABSOLUTE
    ..\STLIB\src\misc.c                      0x00000000   Number         0  misc.o ABSOLUTE
    ..\STLIB\src\stm32f10x_adc.c             0x00000000   Number         0  stm32f10x_adc.o ABSOLUTE
    ..\STLIB\src\stm32f10x_exti.c            0x00000000   Number         0  stm32f10x_exti.o ABSOLUTE
    ..\STLIB\src\stm32f10x_gpio.c            0x00000000   Number         0  stm32f10x_gpio.o ABSOLUTE
    ..\STLIB\src\stm32f10x_rcc.c             0x00000000   Number         0  stm32f10x_rcc.o ABSOLUTE
    ..\STLIB\src\stm32f10x_tim.c             0x00000000   Number         0  stm32f10x_tim.o ABSOLUTE
    ..\STLIB\src\stm32f10x_usart.c           0x00000000   Number         0  stm32f10x_usart.o ABSOLUTE
    ..\\CORE\\core_cm3.c                     0x00000000   Number         0  core_cm3.o ABSOLUTE
    dc.s                                     0x00000000   Number         0  dc.o ABSOLUTE
    main.c                                   0x00000000   Number         0  main.o ABSOLUTE
    RESET                                    0x08000000   Section      304  startup_stm32f10x_hd.o(RESET)
    !!!main                                  0x08000130   Section        8  __main.o(!!!main)
    !!!scatter                               0x08000138   Section       52  __scatter.o(!!!scatter)
    !!handler_copy                           0x0800016c   Section       26  __scatter_copy.o(!!handler_copy)
    !!handler_zi                             0x08000188   Section       28  __scatter_zi.o(!!handler_zi)
    .ARM.Collect$$_printf_percent$$00000000  0x080001a4   Section        0  _printf_percent.o(.ARM.Collect$$_printf_percent$$00000000)
    .ARM.Collect$$_printf_percent$$00000001  0x080001a4   Section        6  _printf_n.o(.ARM.Collect$$_printf_percent$$00000001)
    .ARM.Collect$$_printf_percent$$00000002  0x080001aa   Section        6  _printf_p.o(.ARM.Collect$$_printf_percent$$00000002)
    .ARM.Collect$$_printf_percent$$00000003  0x080001b0   Section        6  _printf_f.o(.ARM.Collect$$_printf_percent$$00000003)
    .ARM.Collect$$_printf_percent$$00000004  0x080001b6   Section        6  _printf_e.o(.ARM.Collect$$_printf_percent$$00000004)
    .ARM.Collect$$_printf_percent$$00000005  0x080001bc   Section        6  _printf_g.o(.ARM.Collect$$_printf_percent$$00000005)
    .ARM.Collect$$_printf_percent$$00000006  0x080001c2   Section        6  _printf_a.o(.ARM.Collect$$_printf_percent$$00000006)
    .ARM.Collect$$_printf_percent$$00000007  0x080001c8   Section       10  _printf_ll.o(.ARM.Collect$$_printf_percent$$00000007)
    .ARM.Collect$$_printf_percent$$00000008  0x080001d2   Section        6  _printf_i.o(.ARM.Collect$$_printf_percent$$00000008)
    .ARM.Collect$$_printf_percent$$00000009  0x080001d8   Section        6  _printf_d.o(.ARM.Collect$$_printf_percent$$00000009)
    .ARM.Collect$$_printf_percent$$0000000A  0x080001de   Section        6  _printf_u.o(.ARM.Collect$$_printf_percent$$0000000A)
    .ARM.Collect$$_printf_percent$$0000000B  0x080001e4   Section        6  _printf_o.o(.ARM.Collect$$_printf_percent$$0000000B)
    .ARM.Collect$$_printf_percent$$0000000C  0x080001ea   Section        6  _printf_x.o(.ARM.Collect$$_printf_percent$$0000000C)
    .ARM.Collect$$_printf_percent$$0000000D  0x080001f0   Section        6  _printf_lli.o(.ARM.Collect$$_printf_percent$$0000000D)
    .ARM.Collect$$_printf_percent$$0000000E  0x080001f6   Section        6  _printf_lld.o(.ARM.Collect$$_printf_percent$$0000000E)
    .ARM.Collect$$_printf_percent$$0000000F  0x080001fc   Section        6  _printf_llu.o(.ARM.Collect$$_printf_percent$$0000000F)
    .ARM.Collect$$_printf_percent$$00000010  0x08000202   Section        6  _printf_llo.o(.ARM.Collect$$_printf_percent$$00000010)
    .ARM.Collect$$_printf_percent$$00000011  0x08000208   Section        6  _printf_llx.o(.ARM.Collect$$_printf_percent$$00000011)
    .ARM.Collect$$_printf_percent$$00000012  0x0800020e   Section       10  _printf_l.o(.ARM.Collect$$_printf_percent$$00000012)
    .ARM.Collect$$_printf_percent$$00000013  0x08000218   Section        6  _printf_c.o(.ARM.Collect$$_printf_percent$$00000013)
    .ARM.Collect$$_printf_percent$$00000014  0x0800021e   Section        6  _printf_s.o(.ARM.Collect$$_printf_percent$$00000014)
    .ARM.Collect$$_printf_percent$$00000015  0x08000224   Section        6  _printf_lc.o(.ARM.Collect$$_printf_percent$$00000015)
    .ARM.Collect$$_printf_percent$$00000016  0x0800022a   Section        6  _printf_ls.o(.ARM.Collect$$_printf_percent$$00000016)
    .ARM.Collect$$_printf_percent$$00000017  0x08000230   Section        4  _printf_percent_end.o(.ARM.Collect$$_printf_percent$$00000017)
    .ARM.Collect$$libinit$$00000000          0x08000234   Section        2  libinit.o(.ARM.Collect$$libinit$$00000000)
    .ARM.Collect$$libinit$$00000002          0x08000236   Section        0  libinit2.o(.ARM.Collect$$libinit$$00000002)
    .ARM.Collect$$libinit$$00000004          0x08000236   Section        0  libinit2.o(.ARM.Collect$$libinit$$00000004)
    .ARM.Collect$$libinit$$0000000A          0x08000236   Section        0  libinit2.o(.ARM.Collect$$libinit$$0000000A)
    .ARM.Collect$$libinit$$0000000C          0x08000236   Section        0  libinit2.o(.ARM.Collect$$libinit$$0000000C)
    .ARM.Collect$$libinit$$0000000E          0x08000236   Section        0  libinit2.o(.ARM.Collect$$libinit$$0000000E)
    .ARM.Collect$$libinit$$0000000F          0x08000236   Section        6  libinit2.o(.ARM.Collect$$libinit$$0000000F)
    .ARM.Collect$$libinit$$00000011          0x0800023c   Section        0  libinit2.o(.ARM.Collect$$libinit$$00000011)
    .ARM.Collect$$libinit$$00000012          0x0800023c   Section       12  libinit2.o(.ARM.Collect$$libinit$$00000012)
    .ARM.Collect$$libinit$$00000013          0x08000248   Section        0  libinit2.o(.ARM.Collect$$libinit$$00000013)
    .ARM.Collect$$libinit$$00000015          0x08000248   Section        0  libinit2.o(.ARM.Collect$$libinit$$00000015)
    .ARM.Collect$$libinit$$00000016          0x08000248   Section       10  libinit2.o(.ARM.Collect$$libinit$$00000016)
    .ARM.Collect$$libinit$$00000017          0x08000252   Section        0  libinit2.o(.ARM.Collect$$libinit$$00000017)
    .ARM.Collect$$libinit$$00000019          0x08000252   Section        0  libinit2.o(.ARM.Collect$$libinit$$00000019)
    .ARM.Collect$$libinit$$0000001B          0x08000252   Section        0  libinit2.o(.ARM.Collect$$libinit$$0000001B)
    .ARM.Collect$$libinit$$0000001D          0x08000252   Section        0  libinit2.o(.ARM.Collect$$libinit$$0000001D)
    .ARM.Collect$$libinit$$0000001F          0x08000252   Section        0  libinit2.o(.ARM.Collect$$libinit$$0000001F)
    .ARM.Collect$$libinit$$00000021          0x08000252   Section        0  libinit2.o(.ARM.Collect$$libinit$$00000021)
    .ARM.Collect$$libinit$$00000023          0x08000252   Section        0  libinit2.o(.ARM.Collect$$libinit$$00000023)
    .ARM.Collect$$libinit$$00000025          0x08000252   Section        0  libinit2.o(.ARM.Collect$$libinit$$00000025)
    .ARM.Collect$$libinit$$0000002C          0x08000252   Section        0  libinit2.o(.ARM.Collect$$libinit$$0000002C)
    .ARM.Collect$$libinit$$0000002E          0x08000252   Section        0  libinit2.o(.ARM.Collect$$libinit$$0000002E)
    .ARM.Collect$$libinit$$00000030          0x08000252   Section        0  libinit2.o(.ARM.Collect$$libinit$$00000030)
    .ARM.Collect$$libinit$$00000032          0x08000252   Section        0  libinit2.o(.ARM.Collect$$libinit$$00000032)
    .ARM.Collect$$libinit$$00000033          0x08000252   Section        2  libinit2.o(.ARM.Collect$$libinit$$00000033)
    .ARM.Collect$$libshutdown$$00000000      0x08000254   Section        2  libshutdown.o(.ARM.Collect$$libshutdown$$00000000)
    .ARM.Collect$$libshutdown$$00000002      0x08000256   Section        0  libshutdown2.o(.ARM.Collect$$libshutdown$$00000002)
    .ARM.Collect$$libshutdown$$00000004      0x08000256   Section        0  libshutdown2.o(.ARM.Collect$$libshutdown$$00000004)
    .ARM.Collect$$libshutdown$$00000007      0x08000256   Section        0  libshutdown2.o(.ARM.Collect$$libshutdown$$00000007)
    .ARM.Collect$$libshutdown$$0000000A      0x08000256   Section        0  libshutdown2.o(.ARM.Collect$$libshutdown$$0000000A)
    .ARM.Collect$$libshutdown$$0000000C      0x08000256   Section        0  libshutdown2.o(.ARM.Collect$$libshutdown$$0000000C)
    .ARM.Collect$$libshutdown$$0000000F      0x08000256   Section        0  libshutdown2.o(.ARM.Collect$$libshutdown$$0000000F)
    .ARM.Collect$$libshutdown$$00000010      0x08000256   Section        2  libshutdown2.o(.ARM.Collect$$libshutdown$$00000010)
    .ARM.Collect$$rtentry$$00000000          0x08000258   Section        0  __rtentry.o(.ARM.Collect$$rtentry$$00000000)
    .ARM.Collect$$rtentry$$00000002          0x08000258   Section        0  __rtentry2.o(.ARM.Collect$$rtentry$$00000002)
    .ARM.Collect$$rtentry$$00000004          0x08000258   Section        6  __rtentry4.o(.ARM.Collect$$rtentry$$00000004)
    .ARM.Collect$$rtentry$$00000009          0x0800025e   Section        0  __rtentry2.o(.ARM.Collect$$rtentry$$00000009)
    .ARM.Collect$$rtentry$$0000000A          0x0800025e   Section        4  __rtentry2.o(.ARM.Collect$$rtentry$$0000000A)
    .ARM.Collect$$rtentry$$0000000C          0x08000262   Section        0  __rtentry2.o(.ARM.Collect$$rtentry$$0000000C)
    .ARM.Collect$$rtentry$$0000000D          0x08000262   Section        8  __rtentry2.o(.ARM.Collect$$rtentry$$0000000D)
    .ARM.Collect$$rtexit$$00000000           0x0800026a   Section        2  rtexit.o(.ARM.Collect$$rtexit$$00000000)
    .ARM.Collect$$rtexit$$00000002           0x0800026c   Section        0  rtexit2.o(.ARM.Collect$$rtexit$$00000002)
    .ARM.Collect$$rtexit$$00000003           0x0800026c   Section        4  rtexit2.o(.ARM.Collect$$rtexit$$00000003)
    .ARM.Collect$$rtexit$$00000004           0x08000270   Section        6  rtexit2.o(.ARM.Collect$$rtexit$$00000004)
    .text                                    0x08000278   Section       64  startup_stm32f10x_hd.o(.text)
    .text                                    0x080002b8   Section        0  c89vsprintf.o(.text)
    .text                                    0x080002dc   Section        0  _printf_str.o(.text)
    .text                                    0x08000330   Section        0  _printf_dec.o(.text)
    .text                                    0x080003a8   Section        0  __printf_flags_ss_wp.o(.text)
    .text                                    0x08000530   Section        0  strstr.o(.text)
    .text                                    0x08000554   Section        0  strlen.o(.text)
    .text                                    0x08000592   Section      138  rt_memcpy_v6.o(.text)
    .text                                    0x0800061c   Section      100  rt_memcpy_w.o(.text)
    .text                                    0x08000680   Section       68  rt_memclr.o(.text)
    .text                                    0x080006c4   Section       78  rt_memclr_w.o(.text)
    .text                                    0x08000712   Section        0  heapauxi.o(.text)
    .text                                    0x08000718   Section        0  _printf_pad.o(.text)
    .text                                    0x08000766   Section        0  _printf_truncate.o(.text)
    .text                                    0x0800078a   Section        0  _printf_intcommon.o(.text)
    .text                                    0x0800083c   Section        0  _printf_charcount.o(.text)
    .text                                    0x08000864   Section        0  _printf_char_common.o(.text)
    _printf_input_char                       0x08000865   Thumb Code    10  _printf_char_common.o(.text)
    .text                                    0x08000894   Section        0  _sputc.o(.text)
    .text                                    0x0800089e   Section        0  _printf_char.o(.text)
    .text                                    0x080008cc   Section        0  _printf_wctomb.o(.text)
    .text                                    0x08000988   Section        0  _printf_longlong_dec.o(.text)
    .text                                    0x08000a04   Section        0  _printf_oct_int_ll.o(.text)
    _printf_longlong_oct_internal            0x08000a05   Thumb Code     0  _printf_oct_int_ll.o(.text)
    .text                                    0x08000a74   Section        0  _printf_hex_int_ll_ptr.o(.text)
    _printf_hex_common                       0x08000a75   Thumb Code     0  _printf_hex_int_ll_ptr.o(.text)
    .text                                    0x08000b08   Section      138  lludiv10.o(.text)
    .text                                    0x08000b92   Section        0  _printf_fp_dec.o(.text)
    _fp_digits                               0x08000b95   Thumb Code   428  _printf_fp_dec.o(.text)
    .text                                    0x08000fac   Section        0  _printf_wchar.o(.text)
    .text                                    0x08000fd8   Section        0  _wcrtomb.o(.text)
    .text                                    0x08001018   Section       74  sys_stackheap_outer.o(.text)
    .text                                    0x08001064   Section       16  rt_ctype_table.o(.text)
    .text                                    0x08001074   Section        8  rt_locale_intlibspace.o(.text)
    .text                                    0x0800107c   Section        0  _printf_fp_infnan.o(.text)
    .text                                    0x080010fc   Section        0  bigflt0.o(.text)
    .text                                    0x080011d8   Section        0  exit.o(.text)
    .text                                    0x080011ec   Section        8  libspace.o(.text)
    .text                                    0x080011f4   Section      128  strcmpv7m.o(.text)
    .text                                    0x08001274   Section        0  sys_exit.o(.text)
    .text                                    0x08001280   Section        2  use_no_semi.o(.text)
    .text                                    0x08001282   Section        0  indicate_semi.o(.text)
    CL$$btod_d2e                             0x08001282   Section       62  btod.o(CL$$btod_d2e)
    CL$$btod_d2e_denorm_low                  0x080012c0   Section       70  btod.o(CL$$btod_d2e_denorm_low)
    CL$$btod_d2e_norm_op1                    0x08001306   Section       96  btod.o(CL$$btod_d2e_norm_op1)
    CL$$btod_div_common                      0x08001366   Section      824  btod.o(CL$$btod_div_common)
    CL$$btod_e2e                             0x0800169e   Section      198  btod.o(CL$$btod_e2e)
    CL$$btod_ediv                            0x08001764   Section       40  btod.o(CL$$btod_ediv)
    CL$$btod_emul                            0x0800178c   Section       40  btod.o(CL$$btod_emul)
    CL$$btod_mult_common                     0x080017b4   Section      580  btod.o(CL$$btod_mult_common)
    i.BusFault_Handler                       0x080019f8   Section        0  stm32f10x_it.o(i.BusFault_Handler)
    i.CMDBuf_Deal                            0x080019fc   Section        0  mqtt.o(i.CMDBuf_Deal)
    i.DebugMon_Handler                       0x08001a30   Section        0  stm32f10x_it.o(i.DebugMon_Handler)
    i.Delay_Init                             0x08001a32   Section        0  delay.o(i.Delay_Init)
    i.Delay_Ms                               0x08001a40   Section        0  delay.o(i.Delay_Ms)
    i.GPIO_Init                              0x08001b38   Section        0  stm32f10x_gpio.o(i.GPIO_Init)
    i.GPIO_ResetBits                         0x08001c4e   Section        0  stm32f10x_gpio.o(i.GPIO_ResetBits)
    i.GPIO_SetBits                           0x08001c52   Section        0  stm32f10x_gpio.o(i.GPIO_SetBits)
    i.GPIO_WriteBit                          0x08001c56   Section        0  stm32f10x_gpio.o(i.GPIO_WriteBit)
    i.HardFault_Handler                      0x08001c60   Section        0  stm32f10x_it.o(i.HardFault_Handler)
    i.LED_Init                               0x08001c64   Section        0  led.o(i.LED_Init)
    i.MQTT_Buff_Init                         0x08001cdc   Section        0  mqtt.o(i.MQTT_Buff_Init)
    i.MQTT_DealPushdata_Qs0                  0x08001d50   Section        0  mqtt.o(i.MQTT_DealPushdata_Qs0)
    i.MemManage_Handler                      0x08001e20   Section        0  stm32f10x_it.o(i.MemManage_Handler)
    i.NMI_Handler                            0x08001e22   Section        0  stm32f10x_it.o(i.NMI_Handler)
    i.NVIC_Init                              0x08001e24   Section        0  misc.o(i.NVIC_Init)
    i.NVIC_PriorityGroupConfig               0x08001e94   Section        0  misc.o(i.NVIC_PriorityGroupConfig)
    i.PendSV_Handler                         0x08001ea8   Section        0  stm32f10x_it.o(i.PendSV_Handler)
    i.RCC_APB1PeriphClockCmd                 0x08001eac   Section        0  stm32f10x_rcc.o(i.RCC_APB1PeriphClockCmd)
    i.RCC_APB1PeriphResetCmd                 0x08001ecc   Section        0  stm32f10x_rcc.o(i.RCC_APB1PeriphResetCmd)
    i.RCC_APB2PeriphClockCmd                 0x08001eec   Section        0  stm32f10x_rcc.o(i.RCC_APB2PeriphClockCmd)
    i.RCC_APB2PeriphResetCmd                 0x08001f0c   Section        0  stm32f10x_rcc.o(i.RCC_APB2PeriphResetCmd)
    i.RCC_GetClocksFreq                      0x08001f2c   Section        0  stm32f10x_rcc.o(i.RCC_GetClocksFreq)
    i.SVC_Handler                            0x08002000   Section        0  stm32f10x_it.o(i.SVC_Handler)
    i.SetSysClock                            0x08002002   Section        0  system_stm32f10x.o(i.SetSysClock)
    SetSysClock                              0x08002003   Thumb Code     8  system_stm32f10x.o(i.SetSysClock)
    i.SetSysClockTo72                        0x0800200c   Section        0  system_stm32f10x.o(i.SetSysClockTo72)
    SetSysClockTo72                          0x0800200d   Thumb Code   214  system_stm32f10x.o(i.SetSysClockTo72)
    i.SysTick_CLKSourceConfig                0x080020ec   Section        0  misc.o(i.SysTick_CLKSourceConfig)
    i.SysTick_Handler                        0x08002114   Section        0  stm32f10x_it.o(i.SysTick_Handler)
    i.SystemInit                             0x08002118   Section        0  system_stm32f10x.o(i.SystemInit)
    i.TIM2_IRQHandler                        0x08002178   Section        0  stm32f10x_it.o(i.TIM2_IRQHandler)
    i.TIM3_ENABLE_30S                        0x0800217c   Section        0  timer3.o(i.TIM3_ENABLE_30S)
    i.TIM3_IRQHandler                        0x080021f4   Section        0  stm32f10x_it.o(i.TIM3_IRQHandler)
    i.TIM4_IRQHandler                        0x080021f6   Section        0  stm32f10x_it.o(i.TIM4_IRQHandler)
    i.TIM4_Init                              0x080021f8   Section        0  timer4.o(i.TIM4_Init)
    i.TIM_ClearITPendingBit                  0x08002268   Section        0  stm32f10x_tim.o(i.TIM_ClearITPendingBit)
    i.TIM_Cmd                                0x0800226e   Section        0  stm32f10x_tim.o(i.TIM_Cmd)
    i.TIM_DeInit                             0x08002288   Section        0  stm32f10x_tim.o(i.TIM_DeInit)
    i.TIM_ITConfig                           0x08002470   Section        0  stm32f10x_tim.o(i.TIM_ITConfig)
    i.TIM_TimeBaseInit                       0x08002484   Section        0  stm32f10x_tim.o(i.TIM_TimeBaseInit)
    i.USART1_IRQHandler                      0x08002528   Section        0  usart1.o(i.USART1_IRQHandler)
    i.USART2_IRQHandler                      0x08002628   Section        0  stm32f10x_it.o(i.USART2_IRQHandler)
    i.USART_ClearFlag                        0x0800262a   Section        0  stm32f10x_usart.o(i.USART_ClearFlag)
    i.USART_Cmd                              0x0800263c   Section        0  stm32f10x_usart.o(i.USART_Cmd)
    i.USART_DeInit                           0x08002654   Section        0  stm32f10x_usart.o(i.USART_DeInit)
    i.USART_GetITStatus                      0x080026f0   Section        0  stm32f10x_usart.o(i.USART_GetITStatus)
    i.USART_ITConfig                         0x08002744   Section        0  stm32f10x_usart.o(i.USART_ITConfig)
    i.USART_Init                             0x08002790   Section        0  stm32f10x_usart.o(i.USART_Init)
    i.UsageFault_Handler                     0x08002868   Section        0  stm32f10x_it.o(i.UsageFault_Handler)
    i.Usart1_Init                            0x0800286c   Section        0  usart1.o(i.Usart1_Init)
    i.Usart2_Init                            0x08002924   Section        0  usart2.o(i.Usart2_Init)
    i.WiFi_Connect_IoTServer                 0x080029dc   Section        0  wifi.o(i.WiFi_Connect_IoTServer)
    i.WiFi_Reset                             0x08002a34   Section        0  wifi.o(i.WiFi_Reset)
    i.WiFi_ResetIO_Init                      0x08002aa4   Section        0  wifi.o(i.WiFi_ResetIO_Init)
    i.__ARM_fpclassify                       0x08002ad8   Section        0  fpclassify.o(i.__ARM_fpclassify)
    i._is_digit                              0x08002b00   Section        0  __printf_wp.o(i._is_digit)
    i.main                                   0x08002b10   Section        0  main.o(i.main)
    i.u1_printf                              0x08002f64   Section        0  usart1.o(i.u1_printf)
    i.u2_TxData                              0x08002fc0   Section        0  usart2.o(i.u2_TxData)
    locale$$code                             0x08003000   Section       44  lc_numeric_c.o(locale$$code)
    locale$$code                             0x0800302c   Section       44  lc_ctype_c.o(locale$$code)
    x$fpl$printf1                            0x08003058   Section        4  printf1.o(x$fpl$printf1)
    .constdata                               0x0800305c   Section       17  __printf_flags_ss_wp.o(.constdata)
    x$fpl$usenofp                            0x0800305c   Section        0  usenofp.o(x$fpl$usenofp)
    maptable                                 0x0800305c   Data          17  __printf_flags_ss_wp.o(.constdata)
    .constdata                               0x08003070   Section        8  _printf_wctomb.o(.constdata)
    initial_mbstate                          0x08003070   Data           8  _printf_wctomb.o(.constdata)
    .constdata                               0x08003078   Section       40  _printf_hex_int_ll_ptr.o(.constdata)
    uc_hextab                                0x08003078   Data          20  _printf_hex_int_ll_ptr.o(.constdata)
    lc_hextab                                0x0800308c   Data          20  _printf_hex_int_ll_ptr.o(.constdata)
    .constdata                               0x080030a0   Section      148  bigflt0.o(.constdata)
    tenpwrs_x                                0x080030a0   Data          60  bigflt0.o(.constdata)
    tenpwrs_i                                0x080030dc   Data          64  bigflt0.o(.constdata)
    locale$$data                             0x08003154   Section       28  lc_numeric_c.o(locale$$data)
    __lcnum_c_name                           0x08003158   Data           2  lc_numeric_c.o(locale$$data)
    __lcnum_c_start                          0x08003160   Data           0  lc_numeric_c.o(locale$$data)
    __lcnum_c_point                          0x0800316c   Data           0  lc_numeric_c.o(locale$$data)
    __lcnum_c_thousands                      0x0800316e   Data           0  lc_numeric_c.o(locale$$data)
    __lcnum_c_grouping                       0x0800316f   Data           0  lc_numeric_c.o(locale$$data)
    locale$$data                             0x08003170   Section      272  lc_ctype_c.o(locale$$data)
    __lcnum_c_end                            0x08003170   Data           0  lc_numeric_c.o(locale$$data)
    __lcctype_c_name                         0x08003174   Data           2  lc_ctype_c.o(locale$$data)
    __lcctype_c_start                        0x0800317c   Data           0  lc_ctype_c.o(locale$$data)
    __lcctype_c_end                          0x08003280   Data           0  lc_ctype_c.o(locale$$data)
    .data                                    0x20000000   Section       18  usart1.o(.data)
    .data                                    0x20000014   Section        8  usart2.o(.data)
    .data                                    0x2000001c   Section       68  mqtt.o(.data)
    .data                                    0x20000060   Section       20  stm32f10x_rcc.o(.data)
    APBAHBPrescTable                         0x20000060   Data          16  stm32f10x_rcc.o(.data)
    ADCPrescTable                            0x20000070   Data           4  stm32f10x_rcc.o(.data)
    .bss                                     0x20000078   Section      555  usart1.o(.bss)
    .bss                                     0x200002a8   Section     2048  usart2.o(.bss)
    .bss                                     0x20000aa8   Section    13312  mqtt.o(.bss)
    .bss                                     0x20003ea8   Section       96  libspace.o(.bss)
    HEAP                                     0x20003f08   Section      512  startup_stm32f10x_hd.o(HEAP)
    Heap_Mem                                 0x20003f08   Data         512  startup_stm32f10x_hd.o(HEAP)
    STACK                                    0x20004108   Section     1024  startup_stm32f10x_hd.o(STACK)
    Stack_Mem                                0x20004108   Data        1024  startup_stm32f10x_hd.o(STACK)
    __initial_sp                             0x20004508   Data           0  startup_stm32f10x_hd.o(STACK)

    Global Symbols

    Symbol Name                              Value     Ov Type        Size  Object(Section)

    BuildAttributes$$THM_ISAv4$P$D$K$B$S$PE$A:L22UL41UL21$X:L11$S22US41US21$IEEE1$IW$USESV6$~STKCKD$USESV7$~SHL$OTIME$ROPI$IEEEJ$EBA8$UX$STANDARDLIB$REQ8$PRES8$EABIv2 0x00000000   Number         0  anon$$obj.o ABSOLUTE
    __ARM_use_no_argv                        0x00000000   Number         0  main.o ABSOLUTE
    _printf_flags                            0x00000000   Number         0  printf_stubs.o ABSOLUTE
    _printf_return_value                     0x00000000   Number         0  printf_stubs.o ABSOLUTE
    _printf_sizespec                         0x00000000   Number         0  printf_stubs.o ABSOLUTE
    _printf_widthprec                        0x00000000   Number         0  printf_stubs.o ABSOLUTE
    __ARM_exceptions_init                     - Undefined Weak Reference
    __alloca_initialize                       - Undefined Weak Reference
    __arm_preinit_                            - Undefined Weak Reference
    __cpp_initialize__aeabi_                  - Undefined Weak Reference
    __cxa_finalize                            - Undefined Weak Reference
    __sigvec_lookup                           - Undefined Weak Reference
    _atexit_init                              - Undefined Weak Reference
    _call_atexit_fns                          - Undefined Weak Reference
    _clock_init                               - Undefined Weak Reference
    _fp_trap_init                             - Undefined Weak Reference
    _fp_trap_shutdown                         - Undefined Weak Reference
    _get_lc_collate                           - Undefined Weak Reference
    _get_lc_monetary                          - Undefined Weak Reference
    _get_lc_time                              - Undefined Weak Reference
    _getenv_init                              - Undefined Weak Reference
    _handle_redirection                       - Undefined Weak Reference
    _init_alloc                               - Undefined Weak Reference
    _init_user_alloc                          - Undefined Weak Reference
    _initio                                   - Undefined Weak Reference
    _printf_fp_hex                            - Undefined Weak Reference
    _printf_mbtowc                            - Undefined Weak Reference
    _printf_wc                                - Undefined Weak Reference
    _rand_init                                - Undefined Weak Reference
    _signal_finish                            - Undefined Weak Reference
    _signal_init                              - Undefined Weak Reference
    _terminate_alloc                          - Undefined Weak Reference
    _terminate_user_alloc                     - Undefined Weak Reference
    _terminateio                              - Undefined Weak Reference
    __Vectors_Size                           0x00000130   Number         0  startup_stm32f10x_hd.o ABSOLUTE
    __Vectors                                0x08000000   Data           4  startup_stm32f10x_hd.o(RESET)
    __Vectors_End                            0x08000130   Data           0  startup_stm32f10x_hd.o(RESET)
    __main                                   0x08000131   Thumb Code     8  __main.o(!!!main)
    __scatterload                            0x08000139   Thumb Code     0  __scatter.o(!!!scatter)
    __scatterload_rt2                        0x08000139   Thumb Code    44  __scatter.o(!!!scatter)
    __scatterload_rt2_thumb_only             0x08000139   Thumb Code     0  __scatter.o(!!!scatter)
    __scatterload_null                       0x08000147   Thumb Code     0  __scatter.o(!!!scatter)
    __scatterload_copy                       0x0800016d   Thumb Code    26  __scatter_copy.o(!!handler_copy)
    __scatterload_zeroinit                   0x08000189   Thumb Code    28  __scatter_zi.o(!!handler_zi)
    _printf_n                                0x080001a5   Thumb Code     0  _printf_n.o(.ARM.Collect$$_printf_percent$$00000001)
    _printf_percent                          0x080001a5   Thumb Code     0  _printf_percent.o(.ARM.Collect$$_printf_percent$$00000000)
    _printf_p                                0x080001ab   Thumb Code     0  _printf_p.o(.ARM.Collect$$_printf_percent$$00000002)
    _printf_f                                0x080001b1   Thumb Code     0  _printf_f.o(.ARM.Collect$$_printf_percent$$00000003)
    _printf_e                                0x080001b7   Thumb Code     0  _printf_e.o(.ARM.Collect$$_printf_percent$$00000004)
    _printf_g                                0x080001bd   Thumb Code     0  _printf_g.o(.ARM.Collect$$_printf_percent$$00000005)
    _printf_a                                0x080001c3   Thumb Code     0  _printf_a.o(.ARM.Collect$$_printf_percent$$00000006)
    _printf_ll                               0x080001c9   Thumb Code     0  _printf_ll.o(.ARM.Collect$$_printf_percent$$00000007)
    _printf_i                                0x080001d3   Thumb Code     0  _printf_i.o(.ARM.Collect$$_printf_percent$$00000008)
    _printf_d                                0x080001d9   Thumb Code     0  _printf_d.o(.ARM.Collect$$_printf_percent$$00000009)
    _printf_u                                0x080001df   Thumb Code     0  _printf_u.o(.ARM.Collect$$_printf_percent$$0000000A)
    _printf_o                                0x080001e5   Thumb Code     0  _printf_o.o(.ARM.Collect$$_printf_percent$$0000000B)
    _printf_x                                0x080001eb   Thumb Code     0  _printf_x.o(.ARM.Collect$$_printf_percent$$0000000C)
    _printf_lli                              0x080001f1   Thumb Code     0  _printf_lli.o(.ARM.Collect$$_printf_percent$$0000000D)
    _printf_lld                              0x080001f7   Thumb Code     0  _printf_lld.o(.ARM.Collect$$_printf_percent$$0000000E)
    _printf_llu                              0x080001fd   Thumb Code     0  _printf_llu.o(.ARM.Collect$$_printf_percent$$0000000F)
    _printf_llo                              0x08000203   Thumb Code     0  _printf_llo.o(.ARM.Collect$$_printf_percent$$00000010)
    _printf_llx                              0x08000209   Thumb Code     0  _printf_llx.o(.ARM.Collect$$_printf_percent$$00000011)
    _printf_l                                0x0800020f   Thumb Code     0  _printf_l.o(.ARM.Collect$$_printf_percent$$00000012)
    _printf_c                                0x08000219   Thumb Code     0  _printf_c.o(.ARM.Collect$$_printf_percent$$00000013)
    _printf_s                                0x0800021f   Thumb Code     0  _printf_s.o(.ARM.Collect$$_printf_percent$$00000014)
    _printf_lc                               0x08000225   Thumb Code     0  _printf_lc.o(.ARM.Collect$$_printf_percent$$00000015)
    _printf_ls                               0x0800022b   Thumb Code     0  _printf_ls.o(.ARM.Collect$$_printf_percent$$00000016)
    _printf_percent_end                      0x08000231   Thumb Code     0  _printf_percent_end.o(.ARM.Collect$$_printf_percent$$00000017)
    __rt_lib_init                            0x08000235   Thumb Code     0  libinit.o(.ARM.Collect$$libinit$$00000000)
    __rt_lib_init_fp_1                       0x08000237   Thumb Code     0  libinit2.o(.ARM.Collect$$libinit$$00000002)
    __rt_lib_init_heap_1                     0x08000237   Thumb Code     0  libinit2.o(.ARM.Collect$$libinit$$0000000A)
    __rt_lib_init_lc_common                  0x08000237   Thumb Code     0  libinit2.o(.ARM.Collect$$libinit$$0000000F)
    __rt_lib_init_preinit_1                  0x08000237   Thumb Code     0  libinit2.o(.ARM.Collect$$libinit$$00000004)
    __rt_lib_init_rand_1                     0x08000237   Thumb Code     0  libinit2.o(.ARM.Collect$$libinit$$0000000E)
    __rt_lib_init_user_alloc_1               0x08000237   Thumb Code     0  libinit2.o(.ARM.Collect$$libinit$$0000000C)
    __rt_lib_init_lc_collate_1               0x0800023d   Thumb Code     0  libinit2.o(.ARM.Collect$$libinit$$00000011)
    __rt_lib_init_lc_ctype_2                 0x0800023d   Thumb Code     0  libinit2.o(.ARM.Collect$$libinit$$00000012)
    __rt_lib_init_lc_ctype_1                 0x08000249   Thumb Code     0  libinit2.o(.ARM.Collect$$libinit$$00000013)
    __rt_lib_init_lc_monetary_1              0x08000249   Thumb Code     0  libinit2.o(.ARM.Collect$$libinit$$00000015)
    __rt_lib_init_lc_numeric_2               0x08000249   Thumb Code     0  libinit2.o(.ARM.Collect$$libinit$$00000016)
    __rt_lib_init_alloca_1                   0x08000253   Thumb Code     0  libinit2.o(.ARM.Collect$$libinit$$0000002E)
    __rt_lib_init_argv_1                     0x08000253   Thumb Code     0  libinit2.o(.ARM.Collect$$libinit$$0000002C)
    __rt_lib_init_atexit_1                   0x08000253   Thumb Code     0  libinit2.o(.ARM.Collect$$libinit$$0000001B)
    __rt_lib_init_clock_1                    0x08000253   Thumb Code     0  libinit2.o(.ARM.Collect$$libinit$$00000021)
    __rt_lib_init_cpp_1                      0x08000253   Thumb Code     0  libinit2.o(.ARM.Collect$$libinit$$00000032)
    __rt_lib_init_exceptions_1               0x08000253   Thumb Code     0  libinit2.o(.ARM.Collect$$libinit$$00000030)
    __rt_lib_init_fp_trap_1                  0x08000253   Thumb Code     0  libinit2.o(.ARM.Collect$$libinit$$0000001F)
    __rt_lib_init_getenv_1                   0x08000253   Thumb Code     0  libinit2.o(.ARM.Collect$$libinit$$00000023)
    __rt_lib_init_lc_numeric_1               0x08000253   Thumb Code     0  libinit2.o(.ARM.Collect$$libinit$$00000017)
    __rt_lib_init_lc_time_1                  0x08000253   Thumb Code     0  libinit2.o(.ARM.Collect$$libinit$$00000019)
    __rt_lib_init_return                     0x08000253   Thumb Code     0  libinit2.o(.ARM.Collect$$libinit$$00000033)
    __rt_lib_init_signal_1                   0x08000253   Thumb Code     0  libinit2.o(.ARM.Collect$$libinit$$0000001D)
    __rt_lib_init_stdio_1                    0x08000253   Thumb Code     0  libinit2.o(.ARM.Collect$$libinit$$00000025)
    __rt_lib_shutdown                        0x08000255   Thumb Code     0  libshutdown.o(.ARM.Collect$$libshutdown$$00000000)
    __rt_lib_shutdown_cpp_1                  0x08000257   Thumb Code     0  libshutdown2.o(.ARM.Collect$$libshutdown$$00000002)
    __rt_lib_shutdown_fp_trap_1              0x08000257   Thumb Code     0  libshutdown2.o(.ARM.Collect$$libshutdown$$00000007)
    __rt_lib_shutdown_heap_1                 0x08000257   Thumb Code     0  libshutdown2.o(.ARM.Collect$$libshutdown$$0000000F)
    __rt_lib_shutdown_return                 0x08000257   Thumb Code     0  libshutdown2.o(.ARM.Collect$$libshutdown$$00000010)
    __rt_lib_shutdown_signal_1               0x08000257   Thumb Code     0  libshutdown2.o(.ARM.Collect$$libshutdown$$0000000A)
    __rt_lib_shutdown_stdio_1                0x08000257   Thumb Code     0  libshutdown2.o(.ARM.Collect$$libshutdown$$00000004)
    __rt_lib_shutdown_user_alloc_1           0x08000257   Thumb Code     0  libshutdown2.o(.ARM.Collect$$libshutdown$$0000000C)
    __rt_entry                               0x08000259   Thumb Code     0  __rtentry.o(.ARM.Collect$$rtentry$$00000000)
    __rt_entry_presh_1                       0x08000259   Thumb Code     0  __rtentry2.o(.ARM.Collect$$rtentry$$00000002)
    __rt_entry_sh                            0x08000259   Thumb Code     0  __rtentry4.o(.ARM.Collect$$rtentry$$00000004)
    __rt_entry_li                            0x0800025f   Thumb Code     0  __rtentry2.o(.ARM.Collect$$rtentry$$0000000A)
    __rt_entry_postsh_1                      0x0800025f   Thumb Code     0  __rtentry2.o(.ARM.Collect$$rtentry$$00000009)
    __rt_entry_main                          0x08000263   Thumb Code     0  __rtentry2.o(.ARM.Collect$$rtentry$$0000000D)
    __rt_entry_postli_1                      0x08000263   Thumb Code     0  __rtentry2.o(.ARM.Collect$$rtentry$$0000000C)
    __rt_exit                                0x0800026b   Thumb Code     0  rtexit.o(.ARM.Collect$$rtexit$$00000000)
    __rt_exit_ls                             0x0800026d   Thumb Code     0  rtexit2.o(.ARM.Collect$$rtexit$$00000003)
    __rt_exit_prels_1                        0x0800026d   Thumb Code     0  rtexit2.o(.ARM.Collect$$rtexit$$00000002)
    __rt_exit_exit                           0x08000271   Thumb Code     0  rtexit2.o(.ARM.Collect$$rtexit$$00000004)
    Reset_Handler                            0x08000279   Thumb Code     8  startup_stm32f10x_hd.o(.text)
    ADC1_2_IRQHandler                        0x08000293   Thumb Code     0  startup_stm32f10x_hd.o(.text)
    ADC3_IRQHandler                          0x08000293   Thumb Code     0  startup_stm32f10x_hd.o(.text)
    CAN1_RX1_IRQHandler                      0x08000293   Thumb Code     0  startup_stm32f10x_hd.o(.text)
    CAN1_SCE_IRQHandler                      0x08000293   Thumb Code     0  startup_stm32f10x_hd.o(.text)
    DMA1_Channel1_IRQHandler                 0x08000293   Thumb Code     0  startup_stm32f10x_hd.o(.text)
    DMA1_Channel2_IRQHandler                 0x08000293   Thumb Code     0  startup_stm32f10x_hd.o(.text)
    DMA1_Channel3_IRQHandler                 0x08000293   Thumb Code     0  startup_stm32f10x_hd.o(.text)
    DMA1_Channel4_IRQHandler                 0x08000293   Thumb Code     0  startup_stm32f10x_hd.o(.text)
    DMA1_Channel5_IRQHandler                 0x08000293   Thumb Code     0  startup_stm32f10x_hd.o(.text)
    DMA1_Channel6_IRQHandler                 0x08000293   Thumb Code     0  startup_stm32f10x_hd.o(.text)
    DMA1_Channel7_IRQHandler                 0x08000293   Thumb Code     0  startup_stm32f10x_hd.o(.text)
    DMA2_Channel1_IRQHandler                 0x08000293   Thumb Code     0  startup_stm32f10x_hd.o(.text)
    DMA2_Channel2_IRQHandler                 0x08000293   Thumb Code     0  startup_stm32f10x_hd.o(.text)
    DMA2_Channel3_IRQHandler                 0x08000293   Thumb Code     0  startup_stm32f10x_hd.o(.text)
    DMA2_Channel4_5_IRQHandler               0x08000293   Thumb Code     0  startup_stm32f10x_hd.o(.text)
    EXTI0_IRQHandler                         0x08000293   Thumb Code     0  startup_stm32f10x_hd.o(.text)
    EXTI15_10_IRQHandler                     0x08000293   Thumb Code     0  startup_stm32f10x_hd.o(.text)
    EXTI1_IRQHandler                         0x08000293   Thumb Code     0  startup_stm32f10x_hd.o(.text)
    EXTI2_IRQHandler                         0x08000293   Thumb Code     0  startup_stm32f10x_hd.o(.text)
    EXTI3_IRQHandler                         0x08000293   Thumb Code     0  startup_stm32f10x_hd.o(.text)
    EXTI4_IRQHandler                         0x08000293   Thumb Code     0  startup_stm32f10x_hd.o(.text)
    EXTI9_5_IRQHandler                       0x08000293   Thumb Code     0  startup_stm32f10x_hd.o(.text)
    FLASH_IRQHandler                         0x08000293   Thumb Code     0  startup_stm32f10x_hd.o(.text)
    FSMC_IRQHandler                          0x08000293   Thumb Code     0  startup_stm32f10x_hd.o(.text)
    I2C1_ER_IRQHandler                       0x08000293   Thumb Code     0  startup_stm32f10x_hd.o(.text)
    I2C1_EV_IRQHandler                       0x08000293   Thumb Code     0  startup_stm32f10x_hd.o(.text)
    I2C2_ER_IRQHandler                       0x08000293   Thumb Code     0  startup_stm32f10x_hd.o(.text)
    I2C2_EV_IRQHandler                       0x08000293   Thumb Code     0  startup_stm32f10x_hd.o(.text)
    PVD_IRQHandler                           0x08000293   Thumb Code     0  startup_stm32f10x_hd.o(.text)
    RCC_IRQHandler                           0x08000293   Thumb Code     0  startup_stm32f10x_hd.o(.text)
    RTCAlarm_IRQHandler                      0x08000293   Thumb Code     0  startup_stm32f10x_hd.o(.text)
    RTC_IRQHandler                           0x08000293   Thumb Code     0  startup_stm32f10x_hd.o(.text)
    SDIO_IRQHandler                          0x08000293   Thumb Code     0  startup_stm32f10x_hd.o(.text)
    SPI1_IRQHandler                          0x08000293   Thumb Code     0  startup_stm32f10x_hd.o(.text)
    SPI2_IRQHandler                          0x08000293   Thumb Code     0  startup_stm32f10x_hd.o(.text)
    SPI3_IRQHandler                          0x08000293   Thumb Code     0  startup_stm32f10x_hd.o(.text)
    TAMPER_IRQHandler                        0x08000293   Thumb Code     0  startup_stm32f10x_hd.o(.text)
    TIM1_BRK_IRQHandler                      0x08000293   Thumb Code     0  startup_stm32f10x_hd.o(.text)
    TIM1_CC_IRQHandler                       0x08000293   Thumb Code     0  startup_stm32f10x_hd.o(.text)
    TIM1_TRG_COM_IRQHandler                  0x08000293   Thumb Code     0  startup_stm32f10x_hd.o(.text)
    TIM1_UP_IRQHandler                       0x08000293   Thumb Code     0  startup_stm32f10x_hd.o(.text)
    TIM5_IRQHandler                          0x08000293   Thumb Code     0  startup_stm32f10x_hd.o(.text)
    TIM6_IRQHandler                          0x08000293   Thumb Code     0  startup_stm32f10x_hd.o(.text)
    TIM7_IRQHandler                          0x08000293   Thumb Code     0  startup_stm32f10x_hd.o(.text)
    TIM8_BRK_IRQHandler                      0x08000293   Thumb Code     0  startup_stm32f10x_hd.o(.text)
    TIM8_CC_IRQHandler                       0x08000293   Thumb Code     0  startup_stm32f10x_hd.o(.text)
    TIM8_TRG_COM_IRQHandler                  0x08000293   Thumb Code     0  startup_stm32f10x_hd.o(.text)
    TIM8_UP_IRQHandler                       0x08000293   Thumb Code     0  startup_stm32f10x_hd.o(.text)
    UART4_IRQHandler                         0x08000293   Thumb Code     0  startup_stm32f10x_hd.o(.text)
    UART5_IRQHandler                         0x08000293   Thumb Code     0  startup_stm32f10x_hd.o(.text)
    USART3_IRQHandler                        0x08000293   Thumb Code     0  startup_stm32f10x_hd.o(.text)
    USBWakeUp_IRQHandler                     0x08000293   Thumb Code     0  startup_stm32f10x_hd.o(.text)
    USB_HP_CAN1_TX_IRQHandler                0x08000293   Thumb Code     0  startup_stm32f10x_hd.o(.text)
    USB_LP_CAN1_RX0_IRQHandler               0x08000293   Thumb Code     0  startup_stm32f10x_hd.o(.text)
    WWDG_IRQHandler                          0x08000293   Thumb Code     0  startup_stm32f10x_hd.o(.text)
    __user_initial_stackheap                 0x08000295   Thumb Code     0  startup_stm32f10x_hd.o(.text)
    __c89vsprintf                            0x080002b9   Thumb Code    32  c89vsprintf.o(.text)
    _printf_str                              0x080002dd   Thumb Code    82  _printf_str.o(.text)
    _printf_int_dec                          0x08000331   Thumb Code   104  _printf_dec.o(.text)
    __printf                                 0x080003a9   Thumb Code   388  __printf_flags_ss_wp.o(.text)
    strstr                                   0x08000531   Thumb Code    36  strstr.o(.text)
    strlen                                   0x08000555   Thumb Code    62  strlen.o(.text)
    __aeabi_memcpy                           0x08000593   Thumb Code     0  rt_memcpy_v6.o(.text)
    __rt_memcpy                              0x08000593   Thumb Code   138  rt_memcpy_v6.o(.text)
    _memcpy_lastbytes                        0x080005f9   Thumb Code     0  rt_memcpy_v6.o(.text)
    __aeabi_memcpy4                          0x0800061d   Thumb Code     0  rt_memcpy_w.o(.text)
    __aeabi_memcpy8                          0x0800061d   Thumb Code     0  rt_memcpy_w.o(.text)
    __rt_memcpy_w                            0x0800061d   Thumb Code   100  rt_memcpy_w.o(.text)
    _memcpy_lastbytes_aligned                0x08000665   Thumb Code     0  rt_memcpy_w.o(.text)
    __aeabi_memclr                           0x08000681   Thumb Code     0  rt_memclr.o(.text)
    __rt_memclr                              0x08000681   Thumb Code    68  rt_memclr.o(.text)
    _memset                                  0x08000685   Thumb Code     0  rt_memclr.o(.text)
    __aeabi_memclr4                          0x080006c5   Thumb Code     0  rt_memclr_w.o(.text)
    __aeabi_memclr8                          0x080006c5   Thumb Code     0  rt_memclr_w.o(.text)
    __rt_memclr_w                            0x080006c5   Thumb Code    78  rt_memclr_w.o(.text)
    _memset_w                                0x080006c9   Thumb Code     0  rt_memclr_w.o(.text)
    __use_two_region_memory                  0x08000713   Thumb Code     2  heapauxi.o(.text)
    __rt_heap_escrow$2region                 0x08000715   Thumb Code     2  heapauxi.o(.text)
    __rt_heap_expand$2region                 0x08000717   Thumb Code     2  heapauxi.o(.text)
    _printf_pre_padding                      0x08000719   Thumb Code    44  _printf_pad.o(.text)
    _printf_post_padding                     0x08000745   Thumb Code    34  _printf_pad.o(.text)
    _printf_truncate_signed                  0x08000767   Thumb Code    18  _printf_truncate.o(.text)
    _printf_truncate_unsigned                0x08000779   Thumb Code    18  _printf_truncate.o(.text)
    _printf_int_common                       0x0800078b   Thumb Code   178  _printf_intcommon.o(.text)
    _printf_charcount                        0x0800083d   Thumb Code    40  _printf_charcount.o(.text)
    _printf_char_common                      0x0800086f   Thumb Code    32  _printf_char_common.o(.text)
    _sputc                                   0x08000895   Thumb Code    10  _sputc.o(.text)
    _printf_cs_common                        0x0800089f   Thumb Code    20  _printf_char.o(.text)
    _printf_char                             0x080008b3   Thumb Code    16  _printf_char.o(.text)
    _printf_string                           0x080008c3   Thumb Code     8  _printf_char.o(.text)
    _printf_wctomb                           0x080008cd   Thumb Code   182  _printf_wctomb.o(.text)
    _printf_longlong_dec                     0x08000989   Thumb Code   108  _printf_longlong_dec.o(.text)
    _printf_longlong_oct                     0x08000a05   Thumb Code    68  _printf_oct_int_ll.o(.text)
    _printf_int_oct                          0x08000a49   Thumb Code    24  _printf_oct_int_ll.o(.text)
    _printf_ll_oct                           0x08000a61   Thumb Code    12  _printf_oct_int_ll.o(.text)
    _printf_longlong_hex                     0x08000a75   Thumb Code    86  _printf_hex_int_ll_ptr.o(.text)
    _printf_int_hex                          0x08000acb   Thumb Code    28  _printf_hex_int_ll_ptr.o(.text)
    _printf_ll_hex                           0x08000ae7   Thumb Code    12  _printf_hex_int_ll_ptr.o(.text)
    _printf_hex_ptr                          0x08000af3   Thumb Code    18  _printf_hex_int_ll_ptr.o(.text)
    _ll_udiv10                               0x08000b09   Thumb Code   138  lludiv10.o(.text)
    __lib_sel_fp_printf                      0x08000b93   Thumb Code     2  _printf_fp_dec.o(.text)
    _printf_fp_dec_real                      0x08000d41   Thumb Code   620  _printf_fp_dec.o(.text)
    _printf_lcs_common                       0x08000fad   Thumb Code    20  _printf_wchar.o(.text)
    _printf_wchar                            0x08000fc1   Thumb Code    16  _printf_wchar.o(.text)
    _printf_wstring                          0x08000fd1   Thumb Code     8  _printf_wchar.o(.text)
    _wcrtomb                                 0x08000fd9   Thumb Code    64  _wcrtomb.o(.text)
    __user_setup_stackheap                   0x08001019   Thumb Code    74  sys_stackheap_outer.o(.text)
    __rt_ctype_table                         0x08001065   Thumb Code    16  rt_ctype_table.o(.text)
    __rt_locale                              0x08001075   Thumb Code     8  rt_locale_intlibspace.o(.text)
    _printf_fp_infnan                        0x0800107d   Thumb Code   112  _printf_fp_infnan.o(.text)
    _btod_etento                             0x080010fd   Thumb Code   216  bigflt0.o(.text)
    exit                                     0x080011d9   Thumb Code    18  exit.o(.text)
    __user_libspace                          0x080011ed   Thumb Code     8  libspace.o(.text)
    __user_perproc_libspace                  0x080011ed   Thumb Code     0  libspace.o(.text)
    __user_perthread_libspace                0x080011ed   Thumb Code     0  libspace.o(.text)
    strcmp                                   0x080011f5   Thumb Code   128  strcmpv7m.o(.text)
    _sys_exit                                0x08001275   Thumb Code     8  sys_exit.o(.text)
    __I$use$semihosting                      0x08001281   Thumb Code     0  use_no_semi.o(.text)
    __use_no_semihosting_swi                 0x08001281   Thumb Code     2  use_no_semi.o(.text)
    __semihosting_library_function           0x08001283   Thumb Code     0  indicate_semi.o(.text)
    _btod_d2e                                0x08001283   Thumb Code    62  btod.o(CL$$btod_d2e)
    _d2e_denorm_low                          0x080012c1   Thumb Code    70  btod.o(CL$$btod_d2e_denorm_low)
    _d2e_norm_op1                            0x08001307   Thumb Code    96  btod.o(CL$$btod_d2e_norm_op1)
    __btod_div_common                        0x08001367   Thumb Code   696  btod.o(CL$$btod_div_common)
    _e2e                                     0x0800169f   Thumb Code   198  btod.o(CL$$btod_e2e)
    _btod_ediv                               0x08001765   Thumb Code    40  btod.o(CL$$btod_ediv)
    _btod_emul                               0x0800178d   Thumb Code    40  btod.o(CL$$btod_emul)
    __btod_mult_common                       0x080017b5   Thumb Code   580  btod.o(CL$$btod_mult_common)
    BusFault_Handler                         0x080019f9   Thumb Code     2  stm32f10x_it.o(i.BusFault_Handler)
    CMDBuf_Deal                              0x080019fd   Thumb Code    40  mqtt.o(i.CMDBuf_Deal)
    DebugMon_Handler                         0x08001a31   Thumb Code     2  stm32f10x_it.o(i.DebugMon_Handler)
    Delay_Init                               0x08001a33   Thumb Code    12  delay.o(i.Delay_Init)
    Delay_Ms                                 0x08001a41   Thumb Code   242  delay.o(i.Delay_Ms)
    GPIO_Init                                0x08001b39   Thumb Code   278  stm32f10x_gpio.o(i.GPIO_Init)
    GPIO_ResetBits                           0x08001c4f   Thumb Code     4  stm32f10x_gpio.o(i.GPIO_ResetBits)
    GPIO_SetBits                             0x08001c53   Thumb Code     4  stm32f10x_gpio.o(i.GPIO_SetBits)
    GPIO_WriteBit                            0x08001c57   Thumb Code    10  stm32f10x_gpio.o(i.GPIO_WriteBit)
    HardFault_Handler                        0x08001c61   Thumb Code     2  stm32f10x_it.o(i.HardFault_Handler)
    LED_Init                                 0x08001c65   Thumb Code   112  led.o(i.LED_Init)
    MQTT_Buff_Init                           0x08001cdd   Thumb Code    60  mqtt.o(i.MQTT_Buff_Init)
    MQTT_DealPushdata_Qs0                    0x08001d51   Thumb Code   178  mqtt.o(i.MQTT_DealPushdata_Qs0)
    MemManage_Handler                        0x08001e21   Thumb Code     2  stm32f10x_it.o(i.MemManage_Handler)
    NMI_Handler                              0x08001e23   Thumb Code     2  stm32f10x_it.o(i.NMI_Handler)
    NVIC_Init                                0x08001e25   Thumb Code   100  misc.o(i.NVIC_Init)
    NVIC_PriorityGroupConfig                 0x08001e95   Thumb Code    10  misc.o(i.NVIC_PriorityGroupConfig)
    PendSV_Handler                           0x08001ea9   Thumb Code     2  stm32f10x_it.o(i.PendSV_Handler)
    RCC_APB1PeriphClockCmd                   0x08001ead   Thumb Code    26  stm32f10x_rcc.o(i.RCC_APB1PeriphClockCmd)
    RCC_APB1PeriphResetCmd                   0x08001ecd   Thumb Code    26  stm32f10x_rcc.o(i.RCC_APB1PeriphResetCmd)
    RCC_APB2PeriphClockCmd                   0x08001eed   Thumb Code    26  stm32f10x_rcc.o(i.RCC_APB2PeriphClockCmd)
    RCC_APB2PeriphResetCmd                   0x08001f0d   Thumb Code    26  stm32f10x_rcc.o(i.RCC_APB2PeriphResetCmd)
    RCC_GetClocksFreq                        0x08001f2d   Thumb Code   192  stm32f10x_rcc.o(i.RCC_GetClocksFreq)
    SVC_Handler                              0x08002001   Thumb Code     2  stm32f10x_it.o(i.SVC_Handler)
    SysTick_CLKSourceConfig                  0x080020ed   Thumb Code    40  misc.o(i.SysTick_CLKSourceConfig)
    SysTick_Handler                          0x08002115   Thumb Code     2  stm32f10x_it.o(i.SysTick_Handler)
    SystemInit                               0x08002119   Thumb Code    78  system_stm32f10x.o(i.SystemInit)
    TIM2_IRQHandler                          0x08002179   Thumb Code     2  stm32f10x_it.o(i.TIM2_IRQHandler)
    TIM3_ENABLE_30S                          0x0800217d   Thumb Code   114  timer3.o(i.TIM3_ENABLE_30S)
    TIM3_IRQHandler                          0x080021f5   Thumb Code     2  stm32f10x_it.o(i.TIM3_IRQHandler)
    TIM4_IRQHandler                          0x080021f7   Thumb Code     2  stm32f10x_it.o(i.TIM4_IRQHandler)
    TIM4_Init                                0x080021f9   Thumb Code   106  timer4.o(i.TIM4_Init)
    TIM_ClearITPendingBit                    0x08002269   Thumb Code     6  stm32f10x_tim.o(i.TIM_ClearITPendingBit)
    TIM_Cmd                                  0x0800226f   Thumb Code    24  stm32f10x_tim.o(i.TIM_Cmd)
    TIM_DeInit                               0x08002289   Thumb Code   424  stm32f10x_tim.o(i.TIM_DeInit)
    TIM_ITConfig                             0x08002471   Thumb Code    18  stm32f10x_tim.o(i.TIM_ITConfig)
    TIM_TimeBaseInit                         0x08002485   Thumb Code   122  stm32f10x_tim.o(i.TIM_TimeBaseInit)
    USART1_IRQHandler                        0x08002529   Thumb Code   230  usart1.o(i.USART1_IRQHandler)
    USART2_IRQHandler                        0x08002629   Thumb Code     2  stm32f10x_it.o(i.USART2_IRQHandler)
    USART_ClearFlag                          0x0800262b   Thumb Code    18  stm32f10x_usart.o(i.USART_ClearFlag)
    USART_Cmd                                0x0800263d   Thumb Code    24  stm32f10x_usart.o(i.USART_Cmd)
    USART_DeInit                             0x08002655   Thumb Code   134  stm32f10x_usart.o(i.USART_DeInit)
    USART_GetITStatus                        0x080026f1   Thumb Code    84  stm32f10x_usart.o(i.USART_GetITStatus)
    USART_ITConfig                           0x08002745   Thumb Code    74  stm32f10x_usart.o(i.USART_ITConfig)
    USART_Init                               0x08002791   Thumb Code   210  stm32f10x_usart.o(i.USART_Init)
    UsageFault_Handler                       0x08002869   Thumb Code     2  stm32f10x_it.o(i.UsageFault_Handler)
    Usart1_Init                              0x0800286d   Thumb Code   174  usart1.o(i.Usart1_Init)
    Usart2_Init                              0x08002925   Thumb Code   176  usart2.o(i.Usart2_Init)
    WiFi_Connect_IoTServer                   0x080029dd   Thumb Code    36  wifi.o(i.WiFi_Connect_IoTServer)
    WiFi_Reset                               0x08002a35   Thumb Code    88  wifi.o(i.WiFi_Reset)
    WiFi_ResetIO_Init                        0x08002aa5   Thumb Code    48  wifi.o(i.WiFi_ResetIO_Init)
    __ARM_fpclassify                         0x08002ad9   Thumb Code    40  fpclassify.o(i.__ARM_fpclassify)
    _is_digit                                0x08002b01   Thumb Code    14  __printf_wp.o(i._is_digit)
    main                                     0x08002b11   Thumb Code   588  main.o(i.main)
    u1_printf                                0x08002f65   Thumb Code    84  usart1.o(i.u1_printf)
    u2_TxData                                0x08002fc1   Thumb Code    58  usart2.o(i.u2_TxData)
    _get_lc_numeric                          0x08003001   Thumb Code    44  lc_numeric_c.o(locale$$code)
    _get_lc_ctype                            0x0800302d   Thumb Code    44  lc_ctype_c.o(locale$$code)
    _printf_fp_dec                           0x08003059   Thumb Code     4  printf1.o(x$fpl$printf1)
    __I$use$fp                               0x0800305c   Number         0  usenofp.o(x$fpl$usenofp)
    Region$$Table$$Base                      0x08003134   Number         0  anon$$obj.o(Region$$Table)
    Region$$Table$$Limit                     0x08003154   Number         0  anon$$obj.o(Region$$Table)
    __ctype                                  0x0800317d   Data           0  lc_ctype_c.o(locale$$data)
    Usart1_RxCompleted                       0x20000000   Data           1  usart1.o(.data)
    Usart1_RxCounter                         0x20000004   Data           4  usart1.o(.data)
    aaaa                                     0x20000008   Data           1  usart1.o(.data)
    a                                        0x2000000a   Data           2  usart1.o(.data)
    i                                        0x2000000c   Data           2  usart1.o(.data)
    Clear                                    0x2000000e   Data           2  usart1.o(.data)
    u                                        0x20000010   Data           2  usart1.o(.data)
    Usart2_RxCompleted                       0x20000014   Data           1  usart2.o(.data)
    Usart2_RxCounter                         0x20000018   Data           4  usart2.o(.data)
    MQTT_RxDataInPtr                         0x2000001c   Data           4  mqtt.o(.data)
    MQTT_RxDataOutPtr                        0x20000020   Data           4  mqtt.o(.data)
    MQTT_RxDataEndPtr                        0x20000024   Data           4  mqtt.o(.data)
    MQTT_TxDataInPtr                         0x20000028   Data           4  mqtt.o(.data)
    MQTT_TxDataOutPtr                        0x2000002c   Data           4  mqtt.o(.data)
    MQTT_TxDataEndPtr                        0x20000030   Data           4  mqtt.o(.data)
    MQTT_CMDInPtr                            0x20000034   Data           4  mqtt.o(.data)
    MQTT_CMDOutPtr                           0x20000038   Data           4  mqtt.o(.data)
    MQTT_CMDEndPtr                           0x2000003c   Data           4  mqtt.o(.data)
    ClientID_len                             0x20000040   Data           4  mqtt.o(.data)
    Username_len                             0x20000044   Data           4  mqtt.o(.data)
    Passward_len                             0x20000048   Data           4  mqtt.o(.data)
    ServerPort                               0x2000004c   Data           4  mqtt.o(.data)
    Fixed_len                                0x20000050   Data           4  mqtt.o(.data)
    Variable_len                             0x20000054   Data           4  mqtt.o(.data)
    Payload_len                              0x20000058   Data           4  mqtt.o(.data)
    Ping_flag                                0x2000005c   Data           1  mqtt.o(.data)
    Connect_flag                             0x2000005d   Data           1  mqtt.o(.data)
    ConnectPack_flag                         0x2000005e   Data           1  mqtt.o(.data)
    SubcribePack_flag                        0x2000005f   Data           1  mqtt.o(.data)
    Usart1_RxBuff                            0x20000078   Data         256  usart1.o(.bss)
    Usart1_TxBuff                            0x20000178   Data         256  usart1.o(.bss)
    USART_RX_BUF                             0x20000278   Data          43  usart1.o(.bss)
    Usart2_RxBuff                            0x200002a8   Data        1024  usart2.o(.bss)
    USART2_TxBuff                            0x200006a8   Data        1024  usart2.o(.bss)
    MQTT_RxDataBuf                           0x20000aa8   Data        4096  mqtt.o(.bss)
    MQTT_TxDataBuf                           0x20001aa8   Data        4096  mqtt.o(.bss)
    MQTT_CMDBuf                              0x20002aa8   Data        4096  mqtt.o(.bss)
    ClientID                                 0x20003aa8   Data         128  mqtt.o(.bss)
    Username                                 0x20003b28   Data         128  mqtt.o(.bss)
    Passward                                 0x20003ba8   Data         128  mqtt.o(.bss)
    ServerIP                                 0x20003c28   Data         128  mqtt.o(.bss)
    temp_buff                                0x20003ca8   Data         512  mqtt.o(.bss)
    __libspace_start                         0x20003ea8   Data          96  libspace.o(.bss)
    __temporary_stack_top$libspace           0x20003f08   Data           0  libspace.o(.bss)



==============================================================================

Memory Map of the image

  Image Entry point : 0x08000279

  Load Region LR_1 (Base: 0x08000000, Size: 0x000032f4, Max: 0xffffffff, ABSOLUTE)

    Execution Region ER_RO (Base: 0x08000000, Size: 0x00003280, Max: 0xffffffff, ABSOLUTE)

    Base Addr    Size         Type   Attr      Idx    E Section Name        Object

    0x08000000   0x00000130   Data   RO          855    RESET               startup_stm32f10x_hd.o
    0x08000130   0x00000008   Code   RO         2436  * !!!main             c_w.l(__main.o)
    0x08000138   0x00000034   Code   RO         2739    !!!scatter          c_w.l(__scatter.o)
    0x0800016c   0x0000001a   Code   RO         2741    !!handler_copy      c_w.l(__scatter_copy.o)
    0x08000186   0x00000002   PAD
    0x08000188   0x0000001c   Code   RO         2743    !!handler_zi        c_w.l(__scatter_zi.o)
    0x080001a4   0x00000000   Code   RO         2419    .ARM.Collect$$_printf_percent$$00000000  c_w.l(_printf_percent.o)
    0x080001a4   0x00000006   Code   RO         2500    .ARM.Collect$$_printf_percent$$00000001  c_w.l(_printf_n.o)
    0x080001aa   0x00000006   Code   RO         2502    .ARM.Collect$$_printf_percent$$00000002  c_w.l(_printf_p.o)
    0x080001b0   0x00000006   Code   RO         2506    .ARM.Collect$$_printf_percent$$00000003  c_w.l(_printf_f.o)
    0x080001b6   0x00000006   Code   RO         2507    .ARM.Collect$$_printf_percent$$00000004  c_w.l(_printf_e.o)
    0x080001bc   0x00000006   Code   RO         2508    .ARM.Collect$$_printf_percent$$00000005  c_w.l(_printf_g.o)
    0x080001c2   0x00000006   Code   RO         2509    .ARM.Collect$$_printf_percent$$00000006  c_w.l(_printf_a.o)
    0x080001c8   0x0000000a   Code   RO         2514    .ARM.Collect$$_printf_percent$$00000007  c_w.l(_printf_ll.o)
    0x080001d2   0x00000006   Code   RO         2504    .ARM.Collect$$_printf_percent$$00000008  c_w.l(_printf_i.o)
    0x080001d8   0x00000006   Code   RO         2418    .ARM.Collect$$_printf_percent$$00000009  c_w.l(_printf_d.o)
    0x080001de   0x00000006   Code   RO         2505    .ARM.Collect$$_printf_percent$$0000000A  c_w.l(_printf_u.o)
    0x080001e4   0x00000006   Code   RO         2503    .ARM.Collect$$_printf_percent$$0000000B  c_w.l(_printf_o.o)
    0x080001ea   0x00000006   Code   RO         2501    .ARM.Collect$$_printf_percent$$0000000C  c_w.l(_printf_x.o)
    0x080001f0   0x00000006   Code   RO         2511    .ARM.Collect$$_printf_percent$$0000000D  c_w.l(_printf_lli.o)
    0x080001f6   0x00000006   Code   RO         2512    .ARM.Collect$$_printf_percent$$0000000E  c_w.l(_printf_lld.o)
    0x080001fc   0x00000006   Code   RO         2513    .ARM.Collect$$_printf_percent$$0000000F  c_w.l(_printf_llu.o)
    0x08000202   0x00000006   Code   RO         2518    .ARM.Collect$$_printf_percent$$00000010  c_w.l(_printf_llo.o)
    0x08000208   0x00000006   Code   RO         2519    .ARM.Collect$$_printf_percent$$00000011  c_w.l(_printf_llx.o)
    0x0800020e   0x0000000a   Code   RO         2515    .ARM.Collect$$_printf_percent$$00000012  c_w.l(_printf_l.o)
    0x08000218   0x00000006   Code   RO         2499    .ARM.Collect$$_printf_percent$$00000013  c_w.l(_printf_c.o)
    0x0800021e   0x00000006   Code   RO         2417    .ARM.Collect$$_printf_percent$$00000014  c_w.l(_printf_s.o)
    0x08000224   0x00000006   Code   RO         2516    .ARM.Collect$$_printf_percent$$00000015  c_w.l(_printf_lc.o)
    0x0800022a   0x00000006   Code   RO         2517    .ARM.Collect$$_printf_percent$$00000016  c_w.l(_printf_ls.o)
    0x08000230   0x00000004   Code   RO         2510    .ARM.Collect$$_printf_percent$$00000017  c_w.l(_printf_percent_end.o)
    0x08000234   0x00000002   Code   RO         2600    .ARM.Collect$$libinit$$00000000  c_w.l(libinit.o)
    0x08000236   0x00000000   Code   RO         2616    .ARM.Collect$$libinit$$00000002  c_w.l(libinit2.o)
    0x08000236   0x00000000   Code   RO         2618    .ARM.Collect$$libinit$$00000004  c_w.l(libinit2.o)
    0x08000236   0x00000000   Code   RO         2621    .ARM.Collect$$libinit$$0000000A  c_w.l(libinit2.o)
    0x08000236   0x00000000   Code   RO         2623    .ARM.Collect$$libinit$$0000000C  c_w.l(libinit2.o)
    0x08000236   0x00000000   Code   RO         2625    .ARM.Collect$$libinit$$0000000E  c_w.l(libinit2.o)
    0x08000236   0x00000006   Code   RO         2626    .ARM.Collect$$libinit$$0000000F  c_w.l(libinit2.o)
    0x0800023c   0x00000000   Code   RO         2628    .ARM.Collect$$libinit$$00000011  c_w.l(libinit2.o)
    0x0800023c   0x0000000c   Code   RO         2629    .ARM.Collect$$libinit$$00000012  c_w.l(libinit2.o)
    0x08000248   0x00000000   Code   RO         2630    .ARM.Collect$$libinit$$00000013  c_w.l(libinit2.o)
    0x08000248   0x00000000   Code   RO         2632    .ARM.Collect$$libinit$$00000015  c_w.l(libinit2.o)
    0x08000248   0x0000000a   Code   RO         2633    .ARM.Collect$$libinit$$00000016  c_w.l(libinit2.o)
    0x08000252   0x00000000   Code   RO         2634    .ARM.Collect$$libinit$$00000017  c_w.l(libinit2.o)
    0x08000252   0x00000000   Code   RO         2636    .ARM.Collect$$libinit$$00000019  c_w.l(libinit2.o)
    0x08000252   0x00000000   Code   RO         2638    .ARM.Collect$$libinit$$0000001B  c_w.l(libinit2.o)
    0x08000252   0x00000000   Code   RO         2640    .ARM.Collect$$libinit$$0000001D  c_w.l(libinit2.o)
    0x08000252   0x00000000   Code   RO         2642    .ARM.Collect$$libinit$$0000001F  c_w.l(libinit2.o)
    0x08000252   0x00000000   Code   RO         2644    .ARM.Collect$$libinit$$00000021  c_w.l(libinit2.o)
    0x08000252   0x00000000   Code   RO         2646    .ARM.Collect$$libinit$$00000023  c_w.l(libinit2.o)
    0x08000252   0x00000000   Code   RO         2648    .ARM.Collect$$libinit$$00000025  c_w.l(libinit2.o)
    0x08000252   0x00000000   Code   RO         2652    .ARM.Collect$$libinit$$0000002C  c_w.l(libinit2.o)
    0x08000252   0x00000000   Code   RO         2654    .ARM.Collect$$libinit$$0000002E  c_w.l(libinit2.o)
    0x08000252   0x00000000   Code   RO         2656    .ARM.Collect$$libinit$$00000030  c_w.l(libinit2.o)
    0x08000252   0x00000000   Code   RO         2658    .ARM.Collect$$libinit$$00000032  c_w.l(libinit2.o)
    0x08000252   0x00000002   Code   RO         2659    .ARM.Collect$$libinit$$00000033  c_w.l(libinit2.o)
    0x08000254   0x00000002   Code   RO         2679    .ARM.Collect$$libshutdown$$00000000  c_w.l(libshutdown.o)
    0x08000256   0x00000000   Code   RO         2692    .ARM.Collect$$libshutdown$$00000002  c_w.l(libshutdown2.o)
    0x08000256   0x00000000   Code   RO         2694    .ARM.Collect$$libshutdown$$00000004  c_w.l(libshutdown2.o)
    0x08000256   0x00000000   Code   RO         2697    .ARM.Collect$$libshutdown$$00000007  c_w.l(libshutdown2.o)
    0x08000256   0x00000000   Code   RO         2700    .ARM.Collect$$libshutdown$$0000000A  c_w.l(libshutdown2.o)
    0x08000256   0x00000000   Code   RO         2702    .ARM.Collect$$libshutdown$$0000000C  c_w.l(libshutdown2.o)
    0x08000256   0x00000000   Code   RO         2705    .ARM.Collect$$libshutdown$$0000000F  c_w.l(libshutdown2.o)
    0x08000256   0x00000002   Code   RO         2706    .ARM.Collect$$libshutdown$$00000010  c_w.l(libshutdown2.o)
    0x08000258   0x00000000   Code   RO         2452    .ARM.Collect$$rtentry$$00000000  c_w.l(__rtentry.o)
    0x08000258   0x00000000   Code   RO         2530    .ARM.Collect$$rtentry$$00000002  c_w.l(__rtentry2.o)
    0x08000258   0x00000006   Code   RO         2542    .ARM.Collect$$rtentry$$00000004  c_w.l(__rtentry4.o)
    0x0800025e   0x00000000   Code   RO         2532    .ARM.Collect$$rtentry$$00000009  c_w.l(__rtentry2.o)
    0x0800025e   0x00000004   Code   RO         2533    .ARM.Collect$$rtentry$$0000000A  c_w.l(__rtentry2.o)
    0x08000262   0x00000000   Code   RO         2535    .ARM.Collect$$rtentry$$0000000C  c_w.l(__rtentry2.o)
    0x08000262   0x00000008   Code   RO         2536    .ARM.Collect$$rtentry$$0000000D  c_w.l(__rtentry2.o)
    0x0800026a   0x00000002   Code   RO         2608    .ARM.Collect$$rtexit$$00000000  c_w.l(rtexit.o)
    0x0800026c   0x00000000   Code   RO         2661    .ARM.Collect$$rtexit$$00000002  c_w.l(rtexit2.o)
    0x0800026c   0x00000004   Code   RO         2662    .ARM.Collect$$rtexit$$00000003  c_w.l(rtexit2.o)
    0x08000270   0x00000006   Code   RO         2663    .ARM.Collect$$rtexit$$00000004  c_w.l(rtexit2.o)
    0x08000276   0x00000002   PAD
    0x08000278   0x00000040   Code   RO          856  * .text               startup_stm32f10x_hd.o
    0x080002b8   0x00000024   Code   RO         2385    .text               c_w.l(c89vsprintf.o)
    0x080002dc   0x00000052   Code   RO         2393    .text               c_w.l(_printf_str.o)
    0x0800032e   0x00000002   PAD
    0x08000330   0x00000078   Code   RO         2395    .text               c_w.l(_printf_dec.o)
    0x080003a8   0x00000188   Code   RO         2414    .text               c_w.l(__printf_flags_ss_wp.o)
    0x08000530   0x00000024   Code   RO         2420    .text               c_w.l(strstr.o)
    0x08000554   0x0000003e   Code   RO         2422    .text               c_w.l(strlen.o)
    0x08000592   0x0000008a   Code   RO         2424    .text               c_w.l(rt_memcpy_v6.o)
    0x0800061c   0x00000064   Code   RO         2426    .text               c_w.l(rt_memcpy_w.o)
    0x08000680   0x00000044   Code   RO         2430    .text               c_w.l(rt_memclr.o)
    0x080006c4   0x0000004e   Code   RO         2432    .text               c_w.l(rt_memclr_w.o)
    0x08000712   0x00000006   Code   RO         2434    .text               c_w.l(heapauxi.o)
    0x08000718   0x0000004e   Code   RO         2453    .text               c_w.l(_printf_pad.o)
    0x08000766   0x00000024   Code   RO         2455    .text               c_w.l(_printf_truncate.o)
    0x0800078a   0x000000b2   Code   RO         2457    .text               c_w.l(_printf_intcommon.o)
    0x0800083c   0x00000028   Code   RO         2459    .text               c_w.l(_printf_charcount.o)
    0x08000864   0x00000030   Code   RO         2461    .text               c_w.l(_printf_char_common.o)
    0x08000894   0x0000000a   Code   RO         2463    .text               c_w.l(_sputc.o)
    0x0800089e   0x0000002c   Code   RO         2465    .text               c_w.l(_printf_char.o)
    0x080008ca   0x00000002   PAD
    0x080008cc   0x000000bc   Code   RO         2467    .text               c_w.l(_printf_wctomb.o)
    0x08000988   0x0000007c   Code   RO         2470    .text               c_w.l(_printf_longlong_dec.o)
    0x08000a04   0x00000070   Code   RO         2476    .text               c_w.l(_printf_oct_int_ll.o)
    0x08000a74   0x00000094   Code   RO         2496    .text               c_w.l(_printf_hex_int_ll_ptr.o)
    0x08000b08   0x0000008a   Code   RO         2544    .text               c_w.l(lludiv10.o)
    0x08000b92   0x0000041a   Code   RO         2546    .text               c_w.l(_printf_fp_dec.o)
    0x08000fac   0x0000002c   Code   RO         2550    .text               c_w.l(_printf_wchar.o)
    0x08000fd8   0x00000040   Code   RO         2552    .text               c_w.l(_wcrtomb.o)
    0x08001018   0x0000004a   Code   RO         2554    .text               c_w.l(sys_stackheap_outer.o)
    0x08001062   0x00000002   PAD
    0x08001064   0x00000010   Code   RO         2556    .text               c_w.l(rt_ctype_table.o)
    0x08001074   0x00000008   Code   RO         2561    .text               c_w.l(rt_locale_intlibspace.o)
    0x0800107c   0x00000080   Code   RO         2563    .text               c_w.l(_printf_fp_infnan.o)
    0x080010fc   0x000000dc   Code   RO         2565    .text               c_w.l(bigflt0.o)
    0x080011d8   0x00000012   Code   RO         2593    .text               c_w.l(exit.o)
    0x080011ea   0x00000002   PAD
    0x080011ec   0x00000008   Code   RO         2605    .text               c_w.l(libspace.o)
    0x080011f4   0x00000080   Code   RO         2613    .text               c_w.l(strcmpv7m.o)
    0x08001274   0x0000000c   Code   RO         2671    .text               c_w.l(sys_exit.o)
    0x08001280   0x00000002   Code   RO         2682    .text               c_w.l(use_no_semi.o)
    0x08001282   0x00000000   Code   RO         2684    .text               c_w.l(indicate_semi.o)
    0x08001282   0x0000003e   Code   RO         2568    CL$$btod_d2e        c_w.l(btod.o)
    0x080012c0   0x00000046   Code   RO         2570    CL$$btod_d2e_denorm_low  c_w.l(btod.o)
    0x08001306   0x00000060   Code   RO         2569    CL$$btod_d2e_norm_op1  c_w.l(btod.o)
    0x08001366   0x00000338   Code   RO         2578    CL$$btod_div_common  c_w.l(btod.o)
    0x0800169e   0x000000c6   Code   RO         2575    CL$$btod_e2e        c_w.l(btod.o)
    0x08001764   0x00000028   Code   RO         2572    CL$$btod_ediv       c_w.l(btod.o)
    0x0800178c   0x00000028   Code   RO         2571    CL$$btod_emul       c_w.l(btod.o)
    0x080017b4   0x00000244   Code   RO         2577    CL$$btod_mult_common  c_w.l(btod.o)
    0x080019f8   0x00000002   Code   RO          251    i.BusFault_Handler  stm32f10x_it.o
    0x080019fa   0x00000002   PAD
    0x080019fc   0x00000034   Code   RO          458    i.CMDBuf_Deal       mqtt.o
    0x08001a30   0x00000002   Code   RO          252    i.DebugMon_Handler  stm32f10x_it.o
    0x08001a32   0x0000000c   Code   RO          174    i.Delay_Init        delay.o
    0x08001a3e   0x00000002   PAD
    0x08001a40   0x000000f8   Code   RO          175    i.Delay_Ms          delay.o
    0x08001b38   0x00000116   Code   RO         1830    i.GPIO_Init         stm32f10x_gpio.o
    0x08001c4e   0x00000004   Code   RO         1837    i.GPIO_ResetBits    stm32f10x_gpio.o
    0x08001c52   0x00000004   Code   RO         1838    i.GPIO_SetBits      stm32f10x_gpio.o
    0x08001c56   0x0000000a   Code   RO         1841    i.GPIO_WriteBit     stm32f10x_gpio.o
    0x08001c60   0x00000002   Code   RO          253    i.HardFault_Handler  stm32f10x_it.o
    0x08001c62   0x00000002   PAD
    0x08001c64   0x00000078   Code   RO          375    i.LED_Init          led.o
    0x08001cdc   0x00000074   Code   RO          459    i.MQTT_Buff_Init    mqtt.o
    0x08001d50   0x000000d0   Code   RO          462    i.MQTT_DealPushdata_Qs0  mqtt.o
    0x08001e20   0x00000002   Code   RO          254    i.MemManage_Handler  stm32f10x_it.o
    0x08001e22   0x00000002   Code   RO          255    i.NMI_Handler       stm32f10x_it.o
    0x08001e24   0x00000070   Code   RO          860    i.NVIC_Init         misc.o
    0x08001e94   0x00000014   Code   RO          861    i.NVIC_PriorityGroupConfig  misc.o
    0x08001ea8   0x00000002   Code   RO          256    i.PendSV_Handler    stm32f10x_it.o
    0x08001eaa   0x00000002   PAD
    0x08001eac   0x00000020   Code   RO          898    i.RCC_APB1PeriphClockCmd  stm32f10x_rcc.o
    0x08001ecc   0x00000020   Code   RO          899    i.RCC_APB1PeriphResetCmd  stm32f10x_rcc.o
    0x08001eec   0x00000020   Code   RO          900    i.RCC_APB2PeriphClockCmd  stm32f10x_rcc.o
    0x08001f0c   0x00000020   Code   RO          901    i.RCC_APB2PeriphResetCmd  stm32f10x_rcc.o
    0x08001f2c   0x000000d4   Code   RO          908    i.RCC_GetClocksFreq  stm32f10x_rcc.o
    0x08002000   0x00000002   Code   RO          257    i.SVC_Handler       stm32f10x_it.o
    0x08002002   0x00000008   Code   RO          819    i.SetSysClock       system_stm32f10x.o
    0x0800200a   0x00000002   PAD
    0x0800200c   0x000000e0   Code   RO          820    i.SetSysClockTo72   system_stm32f10x.o
    0x080020ec   0x00000028   Code   RO          864    i.SysTick_CLKSourceConfig  misc.o
    0x08002114   0x00000002   Code   RO          258    i.SysTick_Handler   stm32f10x_it.o
    0x08002116   0x00000002   PAD
    0x08002118   0x00000060   Code   RO          822    i.SystemInit        system_stm32f10x.o
    0x08002178   0x00000002   Code   RO          259    i.TIM2_IRQHandler   stm32f10x_it.o
    0x0800217a   0x00000002   PAD
    0x0800217c   0x00000078   Code   RO          545    i.TIM3_ENABLE_30S   timer3.o
    0x080021f4   0x00000002   Code   RO          260    i.TIM3_IRQHandler   stm32f10x_it.o
    0x080021f6   0x00000002   Code   RO          261    i.TIM4_IRQHandler   stm32f10x_it.o
    0x080021f8   0x00000070   Code   RO          236    i.TIM4_Init         timer4.o
    0x08002268   0x00000006   Code   RO         1107    i.TIM_ClearITPendingBit  stm32f10x_tim.o
    0x0800226e   0x00000018   Code   RO         1112    i.TIM_Cmd           stm32f10x_tim.o
    0x08002286   0x00000002   PAD
    0x08002288   0x000001e8   Code   RO         1117    i.TIM_DeInit        stm32f10x_tim.o
    0x08002470   0x00000012   Code   RO         1137    i.TIM_ITConfig      stm32f10x_tim.o
    0x08002482   0x00000002   PAD
    0x08002484   0x000000a4   Code   RO         1183    i.TIM_TimeBaseInit  stm32f10x_tim.o
    0x08002528   0x00000100   Code   RO          198    i.USART1_IRQHandler  usart1.o
    0x08002628   0x00000002   Code   RO          262    i.USART2_IRQHandler  stm32f10x_it.o
    0x0800262a   0x00000012   Code   RO         1644    i.USART_ClearFlag   stm32f10x_usart.o
    0x0800263c   0x00000018   Code   RO         1648    i.USART_Cmd         stm32f10x_usart.o
    0x08002654   0x0000009c   Code   RO         1650    i.USART_DeInit      stm32f10x_usart.o
    0x080026f0   0x00000054   Code   RO         1652    i.USART_GetITStatus  stm32f10x_usart.o
    0x08002744   0x0000004a   Code   RO         1654    i.USART_ITConfig    stm32f10x_usart.o
    0x0800278e   0x00000002   PAD
    0x08002790   0x000000d8   Code   RO         1655    i.USART_Init        stm32f10x_usart.o
    0x08002868   0x00000002   Code   RO          263    i.UsageFault_Handler  stm32f10x_it.o
    0x0800286a   0x00000002   PAD
    0x0800286c   0x000000b8   Code   RO          199    i.Usart1_Init       usart1.o
    0x08002924   0x000000b8   Code   RO          342    i.Usart2_Init       usart2.o
    0x080029dc   0x00000058   Code   RO          397    i.WiFi_Connect_IoTServer  wifi.o
    0x08002a34   0x00000070   Code   RO          400    i.WiFi_Reset        wifi.o
    0x08002aa4   0x00000034   Code   RO          401    i.WiFi_ResetIO_Init  wifi.o
    0x08002ad8   0x00000028   Code   RO         2603    i.__ARM_fpclassify  m_ws.l(fpclassify.o)
    0x08002b00   0x0000000e   Code   RO         2407    i._is_digit         c_w.l(__printf_wp.o)
    0x08002b0e   0x00000002   PAD
    0x08002b10   0x00000454   Code   RO            2    i.main              main.o
    0x08002f64   0x0000005c   Code   RO          200    i.u1_printf         usart1.o
    0x08002fc0   0x00000040   Code   RO          343    i.u2_TxData         usart2.o
    0x08003000   0x0000002c   Code   RO         2591    locale$$code        c_w.l(lc_numeric_c.o)
    0x0800302c   0x0000002c   Code   RO         2611    locale$$code        c_w.l(lc_ctype_c.o)
    0x08003058   0x00000004   Code   RO         2526    x$fpl$printf1       fz_ws.l(printf1.o)
    0x0800305c   0x00000000   Code   RO         2528    x$fpl$usenofp       fz_ws.l(usenofp.o)
    0x0800305c   0x00000011   Data   RO         2415    .constdata          c_w.l(__printf_flags_ss_wp.o)
    0x0800306d   0x00000003   PAD
    0x08003070   0x00000008   Data   RO         2468    .constdata          c_w.l(_printf_wctomb.o)
    0x08003078   0x00000028   Data   RO         2497    .constdata          c_w.l(_printf_hex_int_ll_ptr.o)
    0x080030a0   0x00000094   Data   RO         2566    .constdata          c_w.l(bigflt0.o)
    0x08003134   0x00000020   Data   RO         2737    Region$$Table       anon$$obj.o
    0x08003154   0x0000001c   Data   RO         2590    locale$$data        c_w.l(lc_numeric_c.o)
    0x08003170   0x00000110   Data   RO         2610    locale$$data        c_w.l(lc_ctype_c.o)


    Execution Region ER_RW (Base: 0x20000000, Size: 0x00000074, Max: 0xffffffff, ABSOLUTE)

    Base Addr    Size         Type   Attr      Idx    E Section Name        Object

    0x20000000   0x00000012   Data   RW          202    .data               usart1.o
    0x20000012   0x00000002   PAD
    0x20000014   0x00000008   Data   RW          346    .data               usart2.o
    0x2000001c   0x00000044   Data   RW          468    .data               mqtt.o
    0x20000060   0x00000014   Data   RW          928    .data               stm32f10x_rcc.o


    Execution Region ER_ZI (Base: 0x20000074, Size: 0x00004494, Max: 0xffffffff, ABSOLUTE)

    Base Addr    Size         Type   Attr      Idx    E Section Name        Object

    0x20000074   0x00000004   PAD
    0x20000078   0x0000022b   Zero   RW          201    .bss                usart1.o
    0x200002a3   0x00000005   PAD
    0x200002a8   0x00000800   Zero   RW          345    .bss                usart2.o
    0x20000aa8   0x00003400   Zero   RW          467    .bss                mqtt.o
    0x20003ea8   0x00000060   Zero   RW         2606    .bss                c_w.l(libspace.o)
    0x20003f08   0x00000200   Zero   RW          854    HEAP                startup_stm32f10x_hd.o
    0x20004108   0x00000400   Zero   RW          853    STACK               startup_stm32f10x_hd.o


==============================================================================

Image component sizes


      Code (inc. data)   RO Data    RW Data    ZI Data      Debug   Object Name

         0          0          0          0          0         32   core_cm3.o
       260          6          0          0          0       1316   delay.o
       120          8          0          0          0        595   led.o
      1108        526          0          0          0     252531   main.o
       172         22          0          0          0       2253   misc.o
       376         98          0         68      13312       4302   mqtt.o
        64         26        304          0       1536        836   startup_stm32f10x_hd.o
       296          0          0          0          0       3804   stm32f10x_gpio.o
        26          0          0          0          0       6568   stm32f10x_it.o
       340         44          0         20          0       5872   stm32f10x_rcc.o
       700        106          0          0          0       3905   stm32f10x_tim.o
       572         28          0          0          0       5891   stm32f10x_usart.o
       328         28          0          0          0       2121   system_stm32f10x.o
       120          6          0          0          0        642   timer3.o
       112          6          0          0          0        740   timer4.o
       532         44          0         18        555       3774   usart1.o
       248         14          0          8       2048       2344   usart2.o
       252         80          0          0          0       1846   wifi.o

    ----------------------------------------------------------------------
      5648       1042        336        116      17460     299372   Object Totals
         0          0         32          0          0          0   (incl. Generated)
        22          0          0          2          9          0   (incl. Padding)

    ----------------------------------------------------------------------

      Code (inc. data)   RO Data    RW Data    ZI Data      Debug   Library Member Name

         8          0          0          0          0         68   __main.o
       392          4         17          0          0         92   __printf_flags_ss_wp.o
        14          0          0          0          0         68   __printf_wp.o
         0          0          0          0          0          0   __rtentry.o
        12          0          0          0          0          0   __rtentry2.o
         6          0          0          0          0          0   __rtentry4.o
        52          8          0          0          0          0   __scatter.o
        26          0          0          0          0          0   __scatter_copy.o
        28          0          0          0          0          0   __scatter_zi.o
         6          0          0          0          0          0   _printf_a.o
         6          0          0          0          0          0   _printf_c.o
        44          0          0          0          0        108   _printf_char.o
        48          6          0          0          0         96   _printf_char_common.o
        40          0          0          0          0         68   _printf_charcount.o
         6          0          0          0          0          0   _printf_d.o
       120         16          0          0          0         92   _printf_dec.o
         6          0          0          0          0          0   _printf_e.o
         6          0          0          0          0          0   _printf_f.o
      1050          0          0          0          0        216   _printf_fp_dec.o
       128         16          0          0          0         84   _printf_fp_infnan.o
         6          0          0          0          0          0   _printf_g.o
       148          4         40          0          0        160   _printf_hex_int_ll_ptr.o
         6          0          0          0          0          0   _printf_i.o
       178          0          0          0          0         88   _printf_intcommon.o
        10          0          0          0          0          0   _printf_l.o
         6          0          0          0          0          0   _printf_lc.o
        10          0          0          0          0          0   _printf_ll.o
         6          0          0          0          0          0   _printf_lld.o
         6          0          0          0          0          0   _printf_lli.o
         6          0          0          0          0          0   _printf_llo.o
         6          0          0          0          0          0   _printf_llu.o
         6          0          0          0          0          0   _printf_llx.o
       124         16          0          0          0         92   _printf_longlong_dec.o
         6          0          0          0          0          0   _printf_ls.o
         6          0          0          0          0          0   _printf_n.o
         6          0          0          0          0          0   _printf_o.o
       112          8          0          0          0        124   _printf_oct_int_ll.o
         6          0          0          0          0          0   _printf_p.o
        78          0          0          0          0        108   _printf_pad.o
         0          0          0          0          0          0   _printf_percent.o
         4          0          0          0          0          0   _printf_percent_end.o
         6          0          0          0          0          0   _printf_s.o
        82          0          0          0          0         80   _printf_str.o
        36          0          0          0          0         84   _printf_truncate.o
         6          0          0          0          0          0   _printf_u.o
        44          0          0          0          0        108   _printf_wchar.o
       188          6          8          0          0         92   _printf_wctomb.o
         6          0          0          0          0          0   _printf_x.o
        10          0          0          0          0         68   _sputc.o
        64          0          0          0          0         92   _wcrtomb.o
       220          4        148          0          0         96   bigflt0.o
      1910        128          0          0          0        672   btod.o
        36          4          0          0          0         76   c89vsprintf.o
        18          0          0          0          0         80   exit.o
         6          0          0          0          0        152   heapauxi.o
         0          0          0          0          0          0   indicate_semi.o
        44         10        272          0          0         76   lc_ctype_c.o
        44         10         28          0          0         76   lc_numeric_c.o
         2          0          0          0          0          0   libinit.o
        30          0          0          0          0          0   libinit2.o
         2          0          0          0          0          0   libshutdown.o
         2          0          0          0          0          0   libshutdown2.o
         8          4          0          0         96         68   libspace.o
       138          0          0          0          0         80   lludiv10.o
        16          4          0          0          0         76   rt_ctype_table.o
         8          4          0          0          0         68   rt_locale_intlibspace.o
        68          0          0          0          0         68   rt_memclr.o
        78          0          0          0          0         80   rt_memclr_w.o
       138          0          0          0          0         68   rt_memcpy_v6.o
       100          0          0          0          0         80   rt_memcpy_w.o
         2          0          0          0          0          0   rtexit.o
        10          0          0          0          0          0   rtexit2.o
       128          0          0          0          0         68   strcmpv7m.o
        62          0          0          0          0         76   strlen.o
        36          0          0          0          0         80   strstr.o
        12          4          0          0          0         68   sys_exit.o
        74          0          0          0          0         80   sys_stackheap_outer.o
         2          0          0          0          0         68   use_no_semi.o
         4          0          0          0          0         68   printf1.o
         0          0          0          0          0          0   usenofp.o
        40          0          0          0          0         68   fpclassify.o

    ----------------------------------------------------------------------
      6428        256        516          0         96       4380   Library Totals
        14          0          3          0          0          0   (incl. Padding)

    ----------------------------------------------------------------------

      Code (inc. data)   RO Data    RW Data    ZI Data      Debug   Library Name

      6370        256        513          0         96       4244   c_w.l
         4          0          0          0          0         68   fz_ws.l
        40          0          0          0          0         68   m_ws.l

    ----------------------------------------------------------------------
      6428        256        516          0         96       4380   Library Totals

    ----------------------------------------------------------------------

==============================================================================


      Code (inc. data)   RO Data    RW Data    ZI Data      Debug   

     12076       1298        852        116      17556     298600   Grand Totals
     12076       1298        852        116      17556     298600   ELF Image Totals
     12076       1298        852        116          0          0   ROM Totals

==============================================================================

    Total RO  Size (Code + RO Data)                12928 (  12.63kB)
    Total RW  Size (RW Data + ZI Data)             17672 (  17.26kB)
    Total ROM Size (Code + RO Data + RW Data)      13044 (  12.74kB)

==============================================================================

